Archive member included to satisfy reference by file (symbol)

c:/st/stm32cubeide_1.7.0/stm32cubeide/plugins/com.st.stm32cube.ide.mcu.externaltools.gnu-tools-for-stm32.9-2020-q2-update.win32_2.0.0.202105311346/tools/bin/../lib/gcc/arm-none-eabi/9.3.1/../../../../arm-none-eabi/lib/thumb/v7e-m+fp/hard\libc_nano.a(lib_a-atoi.o)
                              ./libraries/ssd1306/Src/format.o (atoi)
c:/st/stm32cubeide_1.7.0/stm32cubeide/plugins/com.st.stm32cube.ide.mcu.externaltools.gnu-tools-for-stm32.9-2020-q2-update.win32_2.0.0.202105311346/tools/bin/../lib/gcc/arm-none-eabi/9.3.1/../../../../arm-none-eabi/lib/thumb/v7e-m+fp/hard\libc_nano.a(lib_a-errno.o)
                              ./Core/Src/syscalls.o (__errno)
c:/st/stm32cubeide_1.7.0/stm32cubeide/plugins/com.st.stm32cube.ide.mcu.externaltools.gnu-tools-for-stm32.9-2020-q2-update.win32_2.0.0.202105311346/tools/bin/../lib/gcc/arm-none-eabi/9.3.1/../../../../arm-none-eabi/lib/thumb/v7e-m+fp/hard\libc_nano.a(lib_a-exit.o)
                              c:/st/stm32cubeide_1.7.0/stm32cubeide/plugins/com.st.stm32cube.ide.mcu.externaltools.gnu-tools-for-stm32.9-2020-q2-update.win32_2.0.0.202105311346/tools/bin/../lib/gcc/arm-none-eabi/9.3.1/../../../../arm-none-eabi/lib/thumb/v7e-m+fp/hard/crt0.o (exit)
c:/st/stm32cubeide_1.7.0/stm32cubeide/plugins/com.st.stm32cube.ide.mcu.externaltools.gnu-tools-for-stm32.9-2020-q2-update.win32_2.0.0.202105311346/tools/bin/../lib/gcc/arm-none-eabi/9.3.1/../../../../arm-none-eabi/lib/thumb/v7e-m+fp/hard\libc_nano.a(lib_a-impure.o)
                              c:/st/stm32cubeide_1.7.0/stm32cubeide/plugins/com.st.stm32cube.ide.mcu.externaltools.gnu-tools-for-stm32.9-2020-q2-update.win32_2.0.0.202105311346/tools/bin/../lib/gcc/arm-none-eabi/9.3.1/../../../../arm-none-eabi/lib/thumb/v7e-m+fp/hard\libc_nano.a(lib_a-exit.o) (_global_impure_ptr)
c:/st/stm32cubeide_1.7.0/stm32cubeide/plugins/com.st.stm32cube.ide.mcu.externaltools.gnu-tools-for-stm32.9-2020-q2-update.win32_2.0.0.202105311346/tools/bin/../lib/gcc/arm-none-eabi/9.3.1/../../../../arm-none-eabi/lib/thumb/v7e-m+fp/hard\libc_nano.a(lib_a-init.o)
                              c:/st/stm32cubeide_1.7.0/stm32cubeide/plugins/com.st.stm32cube.ide.mcu.externaltools.gnu-tools-for-stm32.9-2020-q2-update.win32_2.0.0.202105311346/tools/bin/../lib/gcc/arm-none-eabi/9.3.1/../../../../arm-none-eabi/lib/thumb/v7e-m+fp/hard/crt0.o (__libc_init_array)
c:/st/stm32cubeide_1.7.0/stm32cubeide/plugins/com.st.stm32cube.ide.mcu.externaltools.gnu-tools-for-stm32.9-2020-q2-update.win32_2.0.0.202105311346/tools/bin/../lib/gcc/arm-none-eabi/9.3.1/../../../../arm-none-eabi/lib/thumb/v7e-m+fp/hard\libc_nano.a(lib_a-memcpy-stub.o)
                              ./Middlewares/Third_Party/FreeRTOS/Source/CMSIS_RTOS_V2/cmsis_os2.o (memcpy)
c:/st/stm32cubeide_1.7.0/stm32cubeide/plugins/com.st.stm32cube.ide.mcu.externaltools.gnu-tools-for-stm32.9-2020-q2-update.win32_2.0.0.202105311346/tools/bin/../lib/gcc/arm-none-eabi/9.3.1/../../../../arm-none-eabi/lib/thumb/v7e-m+fp/hard\libc_nano.a(lib_a-memset.o)
                              c:/st/stm32cubeide_1.7.0/stm32cubeide/plugins/com.st.stm32cube.ide.mcu.externaltools.gnu-tools-for-stm32.9-2020-q2-update.win32_2.0.0.202105311346/tools/bin/../lib/gcc/arm-none-eabi/9.3.1/../../../../arm-none-eabi/lib/thumb/v7e-m+fp/hard/crt0.o (memset)
c:/st/stm32cubeide_1.7.0/stm32cubeide/plugins/com.st.stm32cube.ide.mcu.externaltools.gnu-tools-for-stm32.9-2020-q2-update.win32_2.0.0.202105311346/tools/bin/../lib/gcc/arm-none-eabi/9.3.1/../../../../arm-none-eabi/lib/thumb/v7e-m+fp/hard\libc_nano.a(lib_a-strcat.o)
                              ./libraries/ssd1306/Src/format.o (strcat)
c:/st/stm32cubeide_1.7.0/stm32cubeide/plugins/com.st.stm32cube.ide.mcu.externaltools.gnu-tools-for-stm32.9-2020-q2-update.win32_2.0.0.202105311346/tools/bin/../lib/gcc/arm-none-eabi/9.3.1/../../../../arm-none-eabi/lib/thumb/v7e-m+fp/hard\libc_nano.a(lib_a-strcpy.o)
                              ./libraries/menu/Src/menu.o (strcpy)
c:/st/stm32cubeide_1.7.0/stm32cubeide/plugins/com.st.stm32cube.ide.mcu.externaltools.gnu-tools-for-stm32.9-2020-q2-update.win32_2.0.0.202105311346/tools/bin/../lib/gcc/arm-none-eabi/9.3.1/../../../../arm-none-eabi/lib/thumb/v7e-m+fp/hard\libc_nano.a(lib_a-strlen.o)
                              ./libraries/ssd1306/Src/format.o (strlen)
c:/st/stm32cubeide_1.7.0/stm32cubeide/plugins/com.st.stm32cube.ide.mcu.externaltools.gnu-tools-for-stm32.9-2020-q2-update.win32_2.0.0.202105311346/tools/bin/../lib/gcc/arm-none-eabi/9.3.1/../../../../arm-none-eabi/lib/thumb/v7e-m+fp/hard\libc_nano.a(lib_a-strncat.o)
                              ./libraries/ssd1306/Src/format.o (strncat)
c:/st/stm32cubeide_1.7.0/stm32cubeide/plugins/com.st.stm32cube.ide.mcu.externaltools.gnu-tools-for-stm32.9-2020-q2-update.win32_2.0.0.202105311346/tools/bin/../lib/gcc/arm-none-eabi/9.3.1/../../../../arm-none-eabi/lib/thumb/v7e-m+fp/hard\libc_nano.a(lib_a-strtol.o)
[...]
Memory Configuration

Name             Origin             Length             Attributes
RAM              0x0000000020000000 0x0000000000018000 xrw
RAM2             0x0000000010000000 0x0000000000008000 xrw
FLASH            0x0000000008000000 0x0000000000100000 xr
*default*        0x0000000000000000 0xffffffffffffffff

Linker script and memory map

LOAD c:/st/stm32cubeide_1.7.0/stm32cubeide/plugins/com.st.stm32cube.ide.mcu.externaltools.gnu-tools-for-stm32.9-2020-q2-update.win32_2.0.0.202105311346/tools/bin/../lib/gcc/arm-none-eabi/9.3.1/thumb/v7e-m+fp/hard/crti.o
LOAD c:/st/stm32cubeide_1.7.0/stm32cubeide/plugins/com.st.stm32cube.ide.mcu.externaltools.gnu-tools-for-stm32.9-2020-q2-update.win32_2.0.0.202105311346/tools/bin/../lib/gcc/arm-none-eabi/9.3.1/thumb/v7e-m+fp/hard/crtbegin.o
LOAD c:/st/stm32cubeide_1.7.0/stm32cubeide/plugins/com.st.stm32cube.ide.mcu.externaltools.gnu-tools-for-stm32.9-2020-q2-update.win32_2.0.0.202105311346/tools/bin/../lib/gcc/arm-none-eabi/9.3.1/../../../../arm-none-eabi/lib/thumb/v7e-m+fp/hard/crt0.o
LOAD ./Core/Src/freertos.o
LOAD ./Core/Src/main.o
LOAD ./Core/Src/stm32l4xx_hal_msp.o
LOAD ./Core/Src/stm32l4xx_hal_timebase_tim.o
LOAD ./Core/Src/stm32l4xx_it.o
LOAD ./Core/Src/syscalls.o
LOAD ./Core/Src/sysmem.o
LOAD ./Core/Src/system_stm32l4xx.o
LOAD ./Core/Startup/startup_stm32l476rgtx.o
LOAD ./Drivers/STM32L4xx_HAL_Driver/Src/stm32l4xx_hal.o
LOAD ./Drivers/STM32L4xx_HAL_Driver/Src/stm32l4xx_hal_cortex.o
LOAD ./Drivers/STM32L4xx_HAL_Driver/Src/stm32l4xx_hal_dma.o
LOAD ./Drivers/STM32L4xx_HAL_Driver/Src/stm32l4xx_hal_dma_ex.o
LOAD ./Drivers/STM32L4xx_HAL_Driver/Src/stm32l4xx_hal_exti.o
LOAD ./Drivers/STM32L4xx_HAL_Driver/Src/stm32l4xx_hal_flash.o
LOAD ./Drivers/STM32L4xx_HAL_Driver/Src/stm32l4xx_hal_flash_ex.o
LOAD ./Drivers/STM32L4xx_HAL_Driver/Src/stm32l4xx_hal_flash_ramfunc.o
LOAD ./Drivers/STM32L4xx_HAL_Driver/Src/stm32l4xx_hal_gpio.o
LOAD ./Drivers/STM32L4xx_HAL_Driver/Src/stm32l4xx_hal_i2c.o
LOAD ./Drivers/STM32L4xx_HAL_Driver/Src/stm32l4xx_hal_i2c_ex.o
LOAD ./Drivers/STM32L4xx_HAL_Driver/Src/stm32l4xx_hal_pwr.o
LOAD ./Drivers/STM32L4xx_HAL_Driver/Src/stm32l4xx_hal_pwr_ex.o
LOAD ./Drivers/STM32L4xx_HAL_Driver/Src/stm32l4xx_hal_rcc.o
LOAD ./Drivers/STM32L4xx_HAL_Driver/Src/stm32l4xx_hal_rcc_ex.o
LOAD ./Drivers/STM32L4xx_HAL_Driver/Src/stm32l4xx_hal_tim.o
LOAD ./Drivers/STM32L4xx_HAL_Driver/Src/stm32l4xx_hal_tim_ex.o
LOAD ./Middlewares/Third_Party/FreeRTOS/Source/CMSIS_RTOS_V2/cmsis_os2.o
LOAD ./Middlewares/Third_Party/FreeRTOS/Source/croutine.o
LOAD ./Middlewares/Third_Party/FreeRTOS/Source/event_groups.o
LOAD ./Middlewares/Third_Party/FreeRTOS/Source/list.o
LOAD ./Middlewares/Third_Party/FreeRTOS/Source/queue.o
LOAD ./Middlewares/Third_Party/FreeRTOS/Source/stream_buffer.o
LOAD ./Middlewares/Third_Party/FreeRTOS/Source/tasks.o
LOAD ./Middlewares/Third_Party/FreeRTOS/Source/timers.o
LOAD ./Middlewares/Third_Party/FreeRTOS/Source/portable/GCC/ARM_CM4F/port.o
LOAD ./Middlewares/Third_Party/FreeRTOS/Source/portable/MemMang/heap_4.o
LOAD ./libraries/key/Src/key.o
LOAD ./libraries/menu/Src/menu.o
LOAD ./libraries/ssd1306/Src/fonts.o
LOAD ./libraries/ssd1306/Src/format.o
LOAD ./libraries/ssd1306/Src/ssd1306.o
START GROUP
LOAD c:/st/stm32cubeide_1.7.0/stm32cubeide/plugins/com.st.stm32cube.ide.mcu.externaltools.gnu-tools-for-stm32.9-2020-q2-update.win32_2.0.0.202105311346/tools/bin/../lib/gcc/arm-none-eabi/9.3.1/../../../../arm-none-eabi/lib/thumb/v7e-m+fp/hard\libstdc++_nano.a
LOAD c:/st/stm32cubeide_1.7.0/stm32cubeide/plugins/com.st.stm32cube.ide.mcu.externaltools.gnu-tools-for-stm32.9-2020-q2-update.win32_2.0.0.202105311346/tools/bin/../lib/gcc/arm-none-eabi/9.3.1/../../../../arm-none-eabi/lib/thumb/v7e-m+fp/hard\libsupc++_nano.a
END GROUP
LOAD c:/st/stm32cubeide_1.7.0/stm32cubeide/plugins/com.st.stm32cube.ide.mcu.externaltools.gnu-tools-for-stm32.9-2020-q2-update.win32_2.0.0.202105311346/tools/bin/../lib/gcc/arm-none-eabi/9.3.1/../../../../arm-none-eabi/lib/thumb/v7e-m+fp/hard\libstdc++_nano.a
LOAD c:/st/stm32cubeide_1.7.0/stm32cubeide/plugins/com.st.stm32cube.ide.mcu.externaltools.gnu-tools-for-stm32.9-2020-q2-update.win32_2.0.0.202105311346/tools/bin/../lib/gcc/arm-none-eabi/9.3.1/../../../../arm-none-eabi/lib/thumb/v7e-m+fp/hard\libm.a
LOAD c:/st/stm32cubeide_1.7.0/stm32cubeide/plugins/com.st.stm32cube.ide.mcu.externaltools.gnu-tools-for-stm32.9-2020-q2-update.win32_2.0.0.202105311346/tools/bin/../lib/gcc/arm-none-eabi/9.3.1/../../../../arm-none-eabi/lib/thumb/v7e-m+fp/hard\libc_nano.a
START GROUP
LOAD c:/st/stm32cubeide_1.7.0/stm32cubeide/plugins/com.st.stm32cube.ide.mcu.externaltools.gnu-tools-for-stm32.9-2020-q2-update.win32_2.0.0.202105311346/tools/bin/../lib/gcc/arm-none-eabi/9.3.1/thumb/v7e-m+fp/hard\libgcc.a
LOAD c:/st/stm32cubeide_1.7.0/stm32cubeide/plugins/com.st.stm32cube.ide.mcu.externaltools.gnu-tools-for-stm32.9-2020-q2-update.win32_2.0.0.202105311346/tools/bin/../lib/gcc/arm-none-eabi/9.3.1/../../../../arm-none-eabi/lib/thumb/v7e-m+fp/hard\libc_nano.a
END GROUP
START GROUP
LOAD c:/st/stm32cubeide_1.7.0/stm32cubeide/plugins/com.st.stm32cube.ide.mcu.externaltools.gnu-tools-for-stm32.9-2020-q2-update.win32_2.0.0.202105311346/tools/bin/../lib/gcc/arm-none-eabi/9.3.1/thumb/v7e-m+fp/hard\libgcc.a
LOAD c:/st/stm32cubeide_1.7.0/stm32cubeide/plugins/com.st.stm32cube.ide.mcu.externaltools.gnu-tools-for-stm32.9-2020-q2-update.win32_2.0.0.202105311346/tools/bin/../lib/gcc/arm-none-eabi/9.3.1/../../../../arm-none-eabi/lib/thumb/v7e-m+fp/hard\libc_nano.a
LOAD c:/st/stm32cubeide_1.7.0/stm32cubeide/plugins/com.st.stm32cube.ide.mcu.externaltools.gnu-tools-for-stm32.9-2020-q2-update.win32_2.0.0.202105311346/tools/bin/../lib/gcc/arm-none-eabi/9.3.1/../../../../arm-none-eabi/lib/thumb/v7e-m+fp/hard\libnosys.a
END GROUP
START GROUP
LOAD c:/st/stm32cubeide_1.7.0/stm32cubeide/plugins/com.st.stm32cube.ide.mcu.externaltools.gnu-tools-for-stm32.9-2020-q2-update.win32_2.0.0.202105311346/tools/bin/../lib/gcc/arm-none-eabi/9.3.1/thumb/v7e-m+fp/hard\libgcc.a
LOAD c:/st/stm32cubeide_1.7.0/stm32cubeide/plugins/com.st.stm32cube.ide.mcu.externaltools.gnu-tools-for-stm32.9-2020-q2-update.win32_2.0.0.202105311346/tools/bin/../lib/gcc/arm-none-eabi/9.3.1/../../../../arm-none-eabi/lib/thumb/v7e-m+fp/hard\libc_nano.a
LOAD c:/st/stm32cubeide_1.7.0/stm32cubeide/plugins/com.st.stm32cube.ide.mcu.externaltools.gnu-tools-for-stm32.9-2020-q2-update.win32_2.0.0.202105311346/tools/bin/../lib/gcc/arm-none-eabi/9.3.1/../../../../arm-none-eabi/lib/thumb/v7e-m+fp/hard\libnosys.a
END GROUP
LOAD c:/st/stm32cubeide_1.7.0/stm32cubeide/plugins/com.st.stm32cube.ide.mcu.externaltools.gnu-tools-for-stm32.9-2020-q2-update.win32_2.0.0.202105311346/tools/bin/../lib/gcc/arm-none-eabi/9.3.1/thumb/v7e-m+fp/hard/crtend.o
LOAD c:/st/stm32cubeide_1.7.0/stm32cubeide/plugins/com.st.stm32cube.ide.mcu.externaltools.gnu-tools-for-stm32.9-2020-q2-update.win32_2.0.0.202105311346/tools/bin/../lib/gcc/arm-none-eabi/9.3.1/thumb/v7e-m+fp/hard/crtn.o
                0x0000000020018000                _estack = (ORIGIN (RAM) + LENGTH (RAM))
                0x0000000000000200                _Min_Heap_Size = 0x200
                0x0000000000000400                _Min_Stack_Size = 0x400

.isr_vector     0x0000000008000000      0x188
                0x0000000008000000                . = ALIGN (0x4)
 *(.isr_vector)
 .isr_vector    0x0000000008000000      0x188 ./Core/Startup/startup_stm32l476rgtx.o
                0x0000000008000000                g_pfnVectors
                0x0000000008000188                . = ALIGN (0x4)

.text           0x0000000008000190     0x9698
                0x0000000008000190                . = ALIGN (0x4)
 *(.text)
 .text          0x0000000008000190       0x40 c:/st/stm32cubeide_1.7.0/stm32cubeide/plugins/com.st.stm32cube.ide.mcu.externaltools.gnu-tools-for-stm32.9-2020-q2-update.win32_2.0.0.202105311346/tools/bin/../lib/gcc/arm-none-eabi/9.3.1/thumb/v7e-m+fp/hard/crtbegin.o
 .text          0x00000000080001d0       0x10 c:/st/stm32cubeide_1.7.0/stm32cubeide/plugins/com.st.stm32cube.ide.mcu.externaltools.gnu-tools-for-stm32.9-2020-q2-update.win32_2.0.0.202105311346/tools/bin/../lib/gcc/arm-none-eabi/9.3.1/../../../../arm-none-eabi/lib/thumb/v7e-m+fp/hard\libc_nano.a(lib_a-strlen.o)
                0x00000000080001d0                strlen
 *(.text*)
 .text._ZN9RectangleC2Emmmm
                0x00000000080001e0       0x34 ./Core/Src/main.o
                0x00000000080001e0                Rectangle::Rectangle(unsigned long, unsigned long, unsigned long, unsigned long)
                0x00000000080001e0                Rectangle::Rectangle(unsigned long, unsigned long, unsigned long, unsigned long)
 .text.main     0x0000000008000214       0x90 ./Core/Src/main.o
                0x0000000008000214                main
 .text._Z18SystemClock_Configv
                0x00000000080002a4       0xc2 ./Core/Src/main.o
                0x00000000080002a4                SystemClock_Config()
 *fill*         0x0000000008000366        0x2 
 .text._ZL12MX_I2C1_Initv
                0x0000000008000368       0xa4 ./Core/Src/main.o
 .text._ZL11MX_DMA_Initv
                0x000000000800040c       0x3c ./Core/Src/main.o
 .text._ZL12MX_GPIO_Initv
                0x0000000008000448       0x70 ./Core/Src/main.o
 .text._Z16StartDefaultTaskPv
                0x00000000080004b8       0x10 ./Core/Src/main.o
                0x00000000080004b8                StartDefaultTask(void*)
 .text._Z12StartDisplayPv
                0x00000000080004c8      0x178 ./Core/Src/main.o
                0x00000000080004c8                StartDisplay(void*)
 .text._Z15StartButtonScanPv
                0x0000000008000640      0x2d4 ./Core/Src/main.o
                0x0000000008000640                StartButtonScan(void*)
 .text.HAL_TIM_PeriodElapsedCallback
                0x0000000008000914       0x24 ./Core/Src/main.o
                0x0000000008000914                HAL_TIM_PeriodElapsedCallback
 .text.Error_Handler
                0x0000000008000938        0xa ./Core/Src/main.o
                0x0000000008000938                Error_Handler
 *fill*         0x0000000008000942        0x2 
 .text.HAL_MspInit
                0x0000000008000944       0x50 ./Core/Src/stm32l4xx_hal_msp.o
                0x0000000008000944                HAL_MspInit
 .text.HAL_I2C_MspInit
                0x0000000008000994      0x124 ./Core/Src/stm32l4xx_hal_msp.o
                0x0000000008000994                HAL_I2C_MspInit
 .text.HAL_InitTick
                0x0000000008000ab8       0xac ./Core/Src/stm32l4xx_hal_timebase_tim.o
                0x0000000008000ab8                HAL_InitTick
 .text.NMI_Handler
                0x0000000008000b64        0x6 ./Core/Src/stm32l4xx_it.o
                0x0000000008000b64                NMI_Handler
 .text.HardFault_Handler
                0x0000000008000b6a        0x6 ./Core/Src/stm32l4xx_it.o
                0x0000000008000b6a                HardFault_Handler
 .text.MemManage_Handler
                0x0000000008000b70        0x6 ./Core/Src/stm32l4xx_it.o
                0x0000000008000b70                MemManage_Handler
 .text.BusFault_Handler
                0x0000000008000b76        0x6 ./Core/Src/stm32l4xx_it.o
                0x0000000008000b76                BusFault_Handler
 .text.UsageFault_Handler
                0x0000000008000b7c        0x6 ./Core/Src/stm32l4xx_it.o
                0x0000000008000b7c                UsageFault_Handler
 .text.DebugMon_Handler
                0x0000000008000b82        0xe ./Core/Src/stm32l4xx_it.o
                0x0000000008000b82                DebugMon_Handler
 .text.DMA1_Channel6_IRQHandler
                0x0000000008000b90       0x14 ./Core/Src/stm32l4xx_it.o
                0x0000000008000b90                DMA1_Channel6_IRQHandler
 .text.TIM1_TRG_COM_TIM17_IRQHandler
                0x0000000008000ba4       0x14 ./Core/Src/stm32l4xx_it.o
                0x0000000008000ba4                TIM1_TRG_COM_TIM17_IRQHandler
 .text.I2C1_EV_IRQHandler
                0x0000000008000bb8       0x14 ./Core/Src/stm32l4xx_it.o
                0x0000000008000bb8                I2C1_EV_IRQHandler
 .text.SystemInit
                0x0000000008000bcc       0x64 ./Core/Src/system_stm32l4xx.o
                0x0000000008000bcc                SystemInit
 .text.Reset_Handler
                0x0000000008000c30       0x50 ./Core/Startup/startup_stm32l476rgtx.o
                0x0000000008000c30                Reset_Handler
 .text.Default_Handler
                0x0000000008000c80        0x2 ./Core/Startup/startup_stm32l476rgtx.o
                0x0000000008000c80                RTC_Alarm_IRQHandler
                0x0000000008000c80                EXTI2_IRQHandler
                0x0000000008000c80                TIM8_TRG_COM_IRQHandler
                0x0000000008000c80                TIM8_CC_IRQHandler
                0x0000000008000c80                TIM1_CC_IRQHandler
                0x0000000008000c80                TSC_IRQHandler
                0x0000000008000c80                TAMP_STAMP_IRQHandler
                0x0000000008000c80                EXTI3_IRQHandler
                0x0000000008000c80                LPTIM2_IRQHandler
                0x0000000008000c80                DFSDM1_FLT1_IRQHandler
                0x0000000008000c80                I2C3_ER_IRQHandler
                0x0000000008000c80                DFSDM1_FLT2_IRQHandler
                0x0000000008000c80                EXTI0_IRQHandler
                0x0000000008000c80                I2C2_EV_IRQHandler
                0x0000000008000c80                CAN1_RX0_IRQHandler
                0x0000000008000c80                FPU_IRQHandler
                0x0000000008000c80                TIM1_UP_TIM16_IRQHandler
                0x0000000008000c80                ADC1_2_IRQHandler
                0x0000000008000c80                SPI1_IRQHandler
                0x0000000008000c80                TIM6_DAC_IRQHandler
                0x0000000008000c80                TIM8_UP_IRQHandler
                0x0000000008000c80                DMA2_Channel2_IRQHandler
                0x0000000008000c80                DMA1_Channel4_IRQHandler
                0x0000000008000c80                SAI2_IRQHandler
                0x0000000008000c80                DFSDM1_FLT3_IRQHandler
                0x0000000008000c80                USART3_IRQHandler
                0x0000000008000c80                DMA1_Channel7_IRQHandler
                0x0000000008000c80                CAN1_RX1_IRQHandler
                0x0000000008000c80                LCD_IRQHandler
                0x0000000008000c80                UART5_IRQHandler
                0x0000000008000c80                ADC3_IRQHandler
                0x0000000008000c80                TIM4_IRQHandler
                0x0000000008000c80                DMA2_Channel1_IRQHandler
                0x0000000008000c80                QUADSPI_IRQHandler
                0x0000000008000c80                UART4_IRQHandler
                0x0000000008000c80                DMA2_Channel4_IRQHandler
                0x0000000008000c80                TIM3_IRQHandler
                0x0000000008000c80                RCC_IRQHandler
                0x0000000008000c80                DMA1_Channel1_IRQHandler
                0x0000000008000c80                Default_Handler
                0x0000000008000c80                DMA2_Channel7_IRQHandler
                0x0000000008000c80                EXTI15_10_IRQHandler
                0x0000000008000c80                TIM7_IRQHandler
                0x0000000008000c80                SDMMC1_IRQHandler
                0x0000000008000c80                TIM5_IRQHandler
                0x0000000008000c80                I2C3_EV_IRQHandler
                0x0000000008000c80                EXTI9_5_IRQHandler
                0x0000000008000c80                RTC_WKUP_IRQHandler
                0x0000000008000c80                PVD_PVM_IRQHandler
                0x0000000008000c80                SPI2_IRQHandler
                0x0000000008000c80                CAN1_TX_IRQHandler
                0x0000000008000c80                DMA2_Channel5_IRQHandler
                0x0000000008000c80                DMA1_Channel5_IRQHandler
                0x0000000008000c80                EXTI4_IRQHandler
                0x0000000008000c80                RNG_IRQHandler
                0x0000000008000c80                DMA1_Channel3_IRQHandler
                0x0000000008000c80                COMP_IRQHandler
                0x0000000008000c80                WWDG_IRQHandler
                0x0000000008000c80                LPUART1_IRQHandler
                0x0000000008000c80                DMA2_Channel6_IRQHandler
                0x0000000008000c80                TIM2_IRQHandler
                0x0000000008000c80                EXTI1_IRQHandler
                0x0000000008000c80                USART2_IRQHandler
                0x0000000008000c80                DFSDM1_FLT0_IRQHandler
                0x0000000008000c80                I2C2_ER_IRQHandler
                0x0000000008000c80                DMA1_Channel2_IRQHandler
                0x0000000008000c80                TIM8_BRK_IRQHandler
                0x0000000008000c80                CAN1_SCE_IRQHandler
                0x0000000008000c80                FLASH_IRQHandler
                0x0000000008000c80                USART1_IRQHandler
                0x0000000008000c80                OTG_FS_IRQHandler
                0x0000000008000c80                SPI3_IRQHandler
                0x0000000008000c80                I2C1_ER_IRQHandler
                0x0000000008000c80                FMC_IRQHandler
                0x0000000008000c80                SWPMI1_IRQHandler
                0x0000000008000c80                LPTIM1_IRQHandler
                0x0000000008000c80                SAI1_IRQHandler
                0x0000000008000c80                DMA2_Channel3_IRQHandler
                0x0000000008000c80                TIM1_BRK_TIM15_IRQHandler
 .text.HAL_Init
                0x0000000008000c82       0x30 ./Drivers/STM32L4xx_HAL_Driver/Src/stm32l4xx_hal.o
                0x0000000008000c82                HAL_Init
 *fill*         0x0000000008000cb2        0x2 
 .text.HAL_IncTick
                0x0000000008000cb4       0x28 ./Drivers/STM32L4xx_HAL_Driver/Src/stm32l4xx_hal.o
                0x0000000008000cb4                HAL_IncTick
 .text.HAL_GetTick
                0x0000000008000cdc       0x18 ./Drivers/STM32L4xx_HAL_Driver/Src/stm32l4xx_hal.o
                0x0000000008000cdc                HAL_GetTick
 .text.__NVIC_SetPriorityGrouping
                0x0000000008000cf4       0x48 ./Drivers/STM32L4xx_HAL_Driver/Src/stm32l4xx_hal_cortex.o
 .text.__NVIC_GetPriorityGrouping
                0x0000000008000d3c       0x1c ./Drivers/STM32L4xx_HAL_Driver/Src/stm32l4xx_hal_cortex.o
 .text.__NVIC_EnableIRQ
                0x0000000008000d58       0x3c ./Drivers/STM32L4xx_HAL_Driver/Src/stm32l4xx_hal_cortex.o
 .text.__NVIC_SetPriority
                0x0000000008000d94       0x54 ./Drivers/STM32L4xx_HAL_Driver/Src/stm32l4xx_hal_cortex.o
 .text.NVIC_EncodePriority
                0x0000000008000de8       0x66 ./Drivers/STM32L4xx_HAL_Driver/Src/stm32l4xx_hal_cortex.o
 .text.HAL_NVIC_SetPriorityGrouping
                0x0000000008000e4e       0x16 ./Drivers/STM32L4xx_HAL_Driver/Src/stm32l4xx_hal_cortex.o
                0x0000000008000e4e                HAL_NVIC_SetPriorityGrouping
 .text.HAL_NVIC_SetPriority
                0x0000000008000e64       0x38 ./Drivers/STM32L4xx_HAL_Driver/Src/stm32l4xx_hal_cortex.o
                0x0000000008000e64                HAL_NVIC_SetPriority
 .text.HAL_NVIC_EnableIRQ
                0x0000000008000e9c       0x1c ./Drivers/STM32L4xx_HAL_Driver/Src/stm32l4xx_hal_cortex.o
                0x0000000008000e9c                HAL_NVIC_EnableIRQ
 .text.HAL_DMA_Init
                0x0000000008000eb8      0x170 ./Drivers/STM32L4xx_HAL_Driver/Src/stm32l4xx_hal_dma.o
                0x0000000008000eb8                HAL_DMA_Init
 .text.HAL_DMA_Start_IT
                0x0000000008001028       0xc0 ./Drivers/STM32L4xx_HAL_Driver/Src/stm32l4xx_hal_dma.o
                0x0000000008001028                HAL_DMA_Start_IT
 .text.HAL_DMA_Abort_IT
                0x00000000080010e8       0x82 ./Drivers/STM32L4xx_HAL_Driver/Src/stm32l4xx_hal_dma.o
                0x00000000080010e8                HAL_DMA_Abort_IT
 .text.HAL_DMA_IRQHandler
                0x000000000800116a      0x15e ./Drivers/STM32L4xx_HAL_Driver/Src/stm32l4xx_hal_dma.o
                0x000000000800116a                HAL_DMA_IRQHandler
 .text.HAL_DMA_GetState
                0x00000000080012c8       0x1c ./Drivers/STM32L4xx_HAL_Driver/Src/stm32l4xx_hal_dma.o
                0x00000000080012c8                HAL_DMA_GetState
 .text.DMA_SetConfig
                0x00000000080012e4       0x60 ./Drivers/STM32L4xx_HAL_Driver/Src/stm32l4xx_hal_dma.o
 .text.HAL_GPIO_Init
                0x0000000008001344      0x354 ./Drivers/STM32L4xx_HAL_Driver/Src/stm32l4xx_hal_gpio.o
                0x0000000008001344                HAL_GPIO_Init
 .text.HAL_GPIO_ReadPin
                0x0000000008001698       0x30 ./Drivers/STM32L4xx_HAL_Driver/Src/stm32l4xx_hal_gpio.o
                0x0000000008001698                HAL_GPIO_ReadPin
 .text.HAL_I2C_Init
                0x00000000080016c8      0x11e ./Drivers/STM32L4xx_HAL_Driver/Src/stm32l4xx_hal_i2c.o
                0x00000000080016c8                HAL_I2C_Init
 *fill*         0x00000000080017e6        0x2 
 .text.HAL_I2C_Mem_Write_DMA
                0x00000000080017e8      0x1ec ./Drivers/STM32L4xx_HAL_Driver/Src/stm32l4xx_hal_i2c.o
                0x00000000080017e8                HAL_I2C_Mem_Write_DMA
 .text.HAL_I2C_IsDeviceReady
                0x00000000080019d4      0x20e ./Drivers/STM32L4xx_HAL_Driver/Src/stm32l4xx_hal_i2c.o
                0x00000000080019d4                HAL_I2C_IsDeviceReady
 .text.HAL_I2C_EV_IRQHandler
                0x0000000008001be2       0x34 ./Drivers/STM32L4xx_HAL_Driver/Src/stm32l4xx_hal_i2c.o
                0x0000000008001be2                HAL_I2C_EV_IRQHandler
 .text.HAL_I2C_MasterTxCpltCallback
                0x0000000008001c16       0x14 ./Drivers/STM32L4xx_HAL_Driver/Src/stm32l4xx_hal_i2c.o
                0x0000000008001c16                HAL_I2C_MasterTxCpltCallback
 .text.HAL_I2C_MasterRxCpltCallback
                0x0000000008001c2a       0x14 ./Drivers/STM32L4xx_HAL_Driver/Src/stm32l4xx_hal_i2c.o
                0x0000000008001c2a                HAL_I2C_MasterRxCpltCallback
 .text.HAL_I2C_SlaveTxCpltCallback
                0x0000000008001c3e       0x14 ./Drivers/STM32L4xx_HAL_Driver/Src/stm32l4xx_hal_i2c.o
                0x0000000008001c3e                HAL_I2C_SlaveTxCpltCallback
 .text.HAL_I2C_SlaveRxCpltCallback
                0x0000000008001c52       0x14 ./Drivers/STM32L4xx_HAL_Driver/Src/stm32l4xx_hal_i2c.o
                0x0000000008001c52                HAL_I2C_SlaveRxCpltCallback
 .text.HAL_I2C_AddrCallback
                0x0000000008001c66       0x1c ./Drivers/STM32L4xx_HAL_Driver/Src/stm32l4xx_hal_i2c.o
                0x0000000008001c66                HAL_I2C_AddrCallback
 .text.HAL_I2C_ListenCpltCallback
                0x0000000008001c82       0x14 ./Drivers/STM32L4xx_HAL_Driver/Src/stm32l4xx_hal_i2c.o
                0x0000000008001c82                HAL_I2C_ListenCpltCallback
 .text.HAL_I2C_MemRxCpltCallback
                0x0000000008001c96       0x14 ./Drivers/STM32L4xx_HAL_Driver/Src/stm32l4xx_hal_i2c.o
                0x0000000008001c96                HAL_I2C_MemRxCpltCallback
 .text.HAL_I2C_ErrorCallback
                0x0000000008001caa       0x14 ./Drivers/STM32L4xx_HAL_Driver/Src/stm32l4xx_hal_i2c.o
                0x0000000008001caa                HAL_I2C_ErrorCallback
 .text.HAL_I2C_AbortCpltCallback
                0x0000000008001cbe       0x14 ./Drivers/STM32L4xx_HAL_Driver/Src/stm32l4xx_hal_i2c.o
                0x0000000008001cbe                HAL_I2C_AbortCpltCallback
 .text.HAL_I2C_GetState
                0x0000000008001cd2       0x1c ./Drivers/STM32L4xx_HAL_Driver/Src/stm32l4xx_hal_i2c.o
                0x0000000008001cd2                HAL_I2C_GetState
 .text.I2C_Slave_ISR_IT
                0x0000000008001cee      0x206 ./Drivers/STM32L4xx_HAL_Driver/Src/stm32l4xx_hal_i2c.o
 .text.I2C_Master_ISR_DMA
                0x0000000008001ef4      0x1e6 ./Drivers/STM32L4xx_HAL_Driver/Src/stm32l4xx_hal_i2c.o
 .text.I2C_Slave_ISR_DMA
                0x00000000080020da      0x1c0 ./Drivers/STM32L4xx_HAL_Driver/Src/stm32l4xx_hal_i2c.o
 *fill*         0x000000000800229a        0x2 
 .text.I2C_RequestMemoryWrite
                0x000000000800229c       0xa8 ./Drivers/STM32L4xx_HAL_Driver/Src/stm32l4xx_hal_i2c.o
 .text.I2C_ITAddrCplt
                0x0000000008002344      0x108 ./Drivers/STM32L4xx_HAL_Driver/Src/stm32l4xx_hal_i2c.o
 .text.I2C_ITMasterSeqCplt
                0x000000000800244c       0x7a ./Drivers/STM32L4xx_HAL_Driver/Src/stm32l4xx_hal_i2c.o
 .text.I2C_ITSlaveSeqCplt
                0x00000000080024c6       0xbc ./Drivers/STM32L4xx_HAL_Driver/Src/stm32l4xx_hal_i2c.o
 *fill*         0x0000000008002582        0x2 
 .text.I2C_ITMasterCplt
                0x0000000008002584      0x194 ./Drivers/STM32L4xx_HAL_Driver/Src/stm32l4xx_hal_i2c.o
 .text.I2C_ITSlaveCplt
                0x0000000008002718      0x214 ./Drivers/STM32L4xx_HAL_Driver/Src/stm32l4xx_hal_i2c.o
 .text.I2C_ITListenCplt
                0x000000000800292c       0xac ./Drivers/STM32L4xx_HAL_Driver/Src/stm32l4xx_hal_i2c.o
 .text.I2C_ITError
                0x00000000080029d8      0x1a0 ./Drivers/STM32L4xx_HAL_Driver/Src/stm32l4xx_hal_i2c.o
 .text.I2C_TreatErrorCallback
                0x0000000008002b78       0x4e ./Drivers/STM32L4xx_HAL_Driver/Src/stm32l4xx_hal_i2c.o
 .text.I2C_Flush_TXDR
                0x0000000008002bc6       0x48 ./Drivers/STM32L4xx_HAL_Driver/Src/stm32l4xx_hal_i2c.o
 .text.I2C_DMAMasterTransmitCplt
                0x0000000008002c0e       0x96 ./Drivers/STM32L4xx_HAL_Driver/Src/stm32l4xx_hal_i2c.o
 .text.I2C_DMAError
                0x0000000008002ca4       0x2e ./Drivers/STM32L4xx_HAL_Driver/Src/stm32l4xx_hal_i2c.o
 .text.I2C_DMAAbort
                0x0000000008002cd2       0x3c ./Drivers/STM32L4xx_HAL_Driver/Src/stm32l4xx_hal_i2c.o
 .text.I2C_WaitOnFlagUntilTimeout
                0x0000000008002d0e       0x80 ./Drivers/STM32L4xx_HAL_Driver/Src/stm32l4xx_hal_i2c.o
 .text.I2C_WaitOnTXISFlagUntilTimeout
                0x0000000008002d8e       0x80 ./Drivers/STM32L4xx_HAL_Driver/Src/stm32l4xx_hal_i2c.o
 *fill*         0x0000000008002e0e        0x2 
 .text.I2C_IsAcknowledgeFailed
                0x0000000008002e10       0xcc ./Drivers/STM32L4xx_HAL_Driver/Src/stm32l4xx_hal_i2c.o
 .text.I2C_TransferConfig
                0x0000000008002edc       0x5c ./Drivers/STM32L4xx_HAL_Driver/Src/stm32l4xx_hal_i2c.o
 .text.I2C_Enable_IRQ
                0x0000000008002f38       0xc8 ./Drivers/STM32L4xx_HAL_Driver/Src/stm32l4xx_hal_i2c.o
 .text.I2C_Disable_IRQ
                0x0000000008003000       0xbc ./Drivers/STM32L4xx_HAL_Driver/Src/stm32l4xx_hal_i2c.o
 .text.HAL_I2CEx_ConfigAnalogFilter
                0x00000000080030bc       0x96 ./Drivers/STM32L4xx_HAL_Driver/Src/stm32l4xx_hal_i2c_ex.o
                0x00000000080030bc                HAL_I2CEx_ConfigAnalogFilter
 .text.HAL_I2CEx_ConfigDigitalFilter
                0x0000000008003152       0x98 ./Drivers/STM32L4xx_HAL_Driver/Src/stm32l4xx_hal_i2c_ex.o
                0x0000000008003152                HAL_I2CEx_ConfigDigitalFilter
 *fill*         0x00000000080031ea        0x2 
 .text.HAL_I2CEx_EnableFastModePlus
                0x00000000080031ec       0x40 ./Drivers/STM32L4xx_HAL_Driver/Src/stm32l4xx_hal_i2c_ex.o
                0x00000000080031ec                HAL_I2CEx_EnableFastModePlus
 .text.HAL_PWREx_GetVoltageRange
                0x000000000800322c       0x1c ./Drivers/STM32L4xx_HAL_Driver/Src/stm32l4xx_hal_pwr_ex.o
                0x000000000800322c                HAL_PWREx_GetVoltageRange
 .text.HAL_PWREx_ControlVoltageScaling
                0x0000000008003248       0xac ./Drivers/STM32L4xx_HAL_Driver/Src/stm32l4xx_hal_pwr_ex.o
                0x0000000008003248                HAL_PWREx_ControlVoltageScaling
 .text.HAL_RCC_OscConfig
                0x00000000080032f4      0x7cc ./Drivers/STM32L4xx_HAL_Driver/Src/stm32l4xx_hal_rcc.o
                0x00000000080032f4                HAL_RCC_OscConfig
 .text.HAL_RCC_ClockConfig
                0x0000000008003ac0      0x1c4 ./Drivers/STM32L4xx_HAL_Driver/Src/stm32l4xx_hal_rcc.o
                0x0000000008003ac0                HAL_RCC_ClockConfig
 .text.HAL_RCC_GetSysClockFreq
                0x0000000008003c84      0x118 ./Drivers/STM32L4xx_HAL_Driver/Src/stm32l4xx_hal_rcc.o
                0x0000000008003c84                HAL_RCC_GetSysClockFreq
 .text.HAL_RCC_GetHCLKFreq
                0x0000000008003d9c       0x18 ./Drivers/STM32L4xx_HAL_Driver/Src/stm32l4xx_hal_rcc.o
                0x0000000008003d9c                HAL_RCC_GetHCLKFreq
 .text.HAL_RCC_GetPCLK2Freq
                0x0000000008003db4       0x2c ./Drivers/STM32L4xx_HAL_Driver/Src/stm32l4xx_hal_rcc.o
                0x0000000008003db4                HAL_RCC_GetPCLK2Freq
 .text.HAL_RCC_GetClockConfig
                0x0000000008003de0       0x64 ./Drivers/STM32L4xx_HAL_Driver/Src/stm32l4xx_hal_rcc.o
                0x0000000008003de0                HAL_RCC_GetClockConfig
 .text.RCC_SetFlashLatencyFromMSIRange
                0x0000000008003e44       0xc0 ./Drivers/STM32L4xx_HAL_Driver/Src/stm32l4xx_hal_rcc.o
 .text.HAL_RCCEx_PeriphCLKConfig
                0x0000000008003f04      0x5d4 ./Drivers/STM32L4xx_HAL_Driver/Src/stm32l4xx_hal_rcc_ex.o
                0x0000000008003f04                HAL_RCCEx_PeriphCLKConfig
 .text.RCCEx_PLLSAI1_Config
                0x00000000080044d8      0x1e8 ./Drivers/STM32L4xx_HAL_Driver/Src/stm32l4xx_hal_rcc_ex.o
 .text.RCCEx_PLLSAI2_Config
                0x00000000080046c0      0x1bc ./Drivers/STM32L4xx_HAL_Driver/Src/stm32l4xx_hal_rcc_ex.o
 .text.HAL_TIM_Base_Init
                0x000000000800487c       0xae ./Drivers/STM32L4xx_HAL_Driver/Src/stm32l4xx_hal_tim.o
                0x000000000800487c                HAL_TIM_Base_Init
 .text.HAL_TIM_Base_MspInit
                0x000000000800492a       0x14 ./Drivers/STM32L4xx_HAL_Driver/Src/stm32l4xx_hal_tim.o
                0x000000000800492a                HAL_TIM_Base_MspInit
 *fill*         0x000000000800493e        0x2 
 .text.HAL_TIM_Base_Start_IT
                0x0000000008004940       0xe0 ./Drivers/STM32L4xx_HAL_Driver/Src/stm32l4xx_hal_tim.o
                0x0000000008004940                HAL_TIM_Base_Start_IT
 .text.HAL_TIM_IRQHandler
                0x0000000008004a20      0x23e ./Drivers/STM32L4xx_HAL_Driver/Src/stm32l4xx_hal_tim.o
                0x0000000008004a20                HAL_TIM_IRQHandler
 .text.HAL_TIM_OC_DelayElapsedCallback
                0x0000000008004c5e       0x14 ./Drivers/STM32L4xx_HAL_Driver/Src/stm32l4xx_hal_tim.o
                0x0000000008004c5e                HAL_TIM_OC_DelayElapsedCallback
 .text.HAL_TIM_IC_CaptureCallback
                0x0000000008004c72       0x14 ./Drivers/STM32L4xx_HAL_Driver/Src/stm32l4xx_hal_tim.o
                0x0000000008004c72                HAL_TIM_IC_CaptureCallback
 .text.HAL_TIM_PWM_PulseFinishedCallback
                0x0000000008004c86       0x14 ./Drivers/STM32L4xx_HAL_Driver/Src/stm32l4xx_hal_tim.o
                0x0000000008004c86                HAL_TIM_PWM_PulseFinishedCallback
 .text.HAL_TIM_TriggerCallback
                0x0000000008004c9a       0x14 ./Drivers/STM32L4xx_HAL_Driver/Src/stm32l4xx_hal_tim.o
                0x0000000008004c9a                HAL_TIM_TriggerCallback
 *fill*         0x0000000008004cae        0x2 
 .text.TIM_Base_SetConfig
                0x0000000008004cb0      0x134 ./Drivers/STM32L4xx_HAL_Driver/Src/stm32l4xx_hal_tim.o
                0x0000000008004cb0                TIM_Base_SetConfig
 .text.HAL_TIMEx_CommutCallback
                0x0000000008004de4       0x14 ./Drivers/STM32L4xx_HAL_Driver/Src/stm32l4xx_hal_tim_ex.o
                0x0000000008004de4                HAL_TIMEx_CommutCallback
 .text.HAL_TIMEx_BreakCallback
                0x0000000008004df8       0x14 ./Drivers/STM32L4xx_HAL_Driver/Src/stm32l4xx_hal_tim_ex.o
                0x0000000008004df8                HAL_TIMEx_BreakCallback
 .text.HAL_TIMEx_Break2Callback
                0x0000000008004e0c       0x14 ./Drivers/STM32L4xx_HAL_Driver/Src/stm32l4xx_hal_tim_ex.o
                0x0000000008004e0c                HAL_TIMEx_Break2Callback
 .text.__NVIC_SetPriority
                0x0000000008004e20       0x54 ./Middlewares/Third_Party/FreeRTOS/Source/CMSIS_RTOS_V2/cmsis_os2.o
 .text.SysTick_Handler
                0x0000000008004e74       0x20 ./Middlewares/Third_Party/FreeRTOS/Source/CMSIS_RTOS_V2/cmsis_os2.o
                0x0000000008004e74                SysTick_Handler
 .text.SVC_Setup
                0x0000000008004e94       0x12 ./Middlewares/Third_Party/FreeRTOS/Source/CMSIS_RTOS_V2/cmsis_os2.o
 *fill*         0x0000000008004ea6        0x2 
 .text.osKernelInitialize
                0x0000000008004ea8       0x48 ./Middlewares/Third_Party/FreeRTOS/Source/CMSIS_RTOS_V2/cmsis_os2.o
                0x0000000008004ea8                osKernelInitialize
 .text.osKernelStart
                0x0000000008004ef0       0x4c ./Middlewares/Third_Party/FreeRTOS/Source/CMSIS_RTOS_V2/cmsis_os2.o
                0x0000000008004ef0                osKernelStart
 .text.osThreadNew
                0x0000000008004f3c      0x124 ./Middlewares/Third_Party/FreeRTOS/Source/CMSIS_RTOS_V2/cmsis_os2.o
                0x0000000008004f3c                osThreadNew
 .text.osDelay  0x0000000008005060       0x36 ./Middlewares/Third_Party/FreeRTOS/Source/CMSIS_RTOS_V2/cmsis_os2.o
                0x0000000008005060                osDelay
 .text.osMessageQueueNew
                0x0000000008005096       0xe6 ./Middlewares/Third_Party/FreeRTOS/Source/CMSIS_RTOS_V2/cmsis_os2.o
                0x0000000008005096                osMessageQueueNew
 .text.osMessageQueuePut
                0x000000000800517c       0xc0 ./Middlewares/Third_Party/FreeRTOS/Source/CMSIS_RTOS_V2/cmsis_os2.o
                0x000000000800517c                osMessageQueuePut
 .text.osMessageQueueGet
                0x000000000800523c       0xbc ./Middlewares/Third_Party/FreeRTOS/Source/CMSIS_RTOS_V2/cmsis_os2.o
                0x000000000800523c                osMessageQueueGet
 .text.osMessageQueueGetCount
                0x00000000080052f8       0x40 ./Middlewares/Third_Party/FreeRTOS/Source/CMSIS_RTOS_V2/cmsis_os2.o
                0x00000000080052f8                osMessageQueueGetCount
 .text.vApplicationGetIdleTaskMemory
                0x0000000008005338       0x34 ./Middlewares/Third_Party/FreeRTOS/Source/CMSIS_RTOS_V2/cmsis_os2.o
                0x0000000008005338                vApplicationGetIdleTaskMemory
 .text.vApplicationGetTimerTaskMemory
                0x000000000800536c       0x34 ./Middlewares/Third_Party/FreeRTOS/Source/CMSIS_RTOS_V2/cmsis_os2.o
                0x000000000800536c                vApplicationGetTimerTaskMemory
 .text.vListInitialise
                0x00000000080053a0       0x40 ./Middlewares/Third_Party/FreeRTOS/Source/list.o
                0x00000000080053a0                vListInitialise
 .text.vListInitialiseItem
                0x00000000080053e0       0x1a ./Middlewares/Third_Party/FreeRTOS/Source/list.o
                0x00000000080053e0                vListInitialiseItem
 .text.vListInsertEnd
                0x00000000080053fa       0x48 ./Middlewares/Third_Party/FreeRTOS/Source/list.o
                0x00000000080053fa                vListInsertEnd
 .text.vListInsert
                0x0000000008005442       0x72 ./Middlewares/Third_Party/FreeRTOS/Source/list.o
                0x0000000008005442                vListInsert
 .text.uxListRemove
                0x00000000080054b4       0x54 ./Middlewares/Third_Party/FreeRTOS/Source/list.o
                0x00000000080054b4                uxListRemove
 .text.xQueueGenericReset
                0x0000000008005508       0xd0 ./Middlewares/Third_Party/FreeRTOS/Source/queue.o
                0x0000000008005508                xQueueGenericReset
 .text.xQueueGenericCreateStatic
                0x00000000080055d8       0xf0 ./Middlewares/Third_Party/FreeRTOS/Source/queue.o
                0x00000000080055d8                xQueueGenericCreateStatic
 .text.xQueueGenericCreate
                0x00000000080056c8       0x74 ./Middlewares/Third_Party/FreeRTOS/Source/queue.o
                0x00000000080056c8                xQueueGenericCreate
 .text.prvInitialiseNewQueue
                0x000000000800573c       0x46 ./Middlewares/Third_Party/FreeRTOS/Source/queue.o
 *fill*         0x0000000008005782        0x2 
 .text.xQueueGenericSend
                0x0000000008005784      0x1fc ./Middlewares/Third_Party/FreeRTOS/Source/queue.o
                0x0000000008005784                xQueueGenericSend
 .text.xQueueGenericSendFromISR
                0x0000000008005980      0x136 ./Middlewares/Third_Party/FreeRTOS/Source/queue.o
                0x0000000008005980                xQueueGenericSendFromISR
 *fill*         0x0000000008005ab6        0x2 
 .text.xQueueReceive
                0x0000000008005ab8      0x1c0 ./Middlewares/Third_Party/FreeRTOS/Source/queue.o
                0x0000000008005ab8                xQueueReceive
 .text.xQueueReceiveFromISR
                0x0000000008005c78      0x100 ./Middlewares/Third_Party/FreeRTOS/Source/queue.o
                0x0000000008005c78                xQueueReceiveFromISR
 .text.uxQueueMessagesWaiting
                0x0000000008005d78       0x3c ./Middlewares/Third_Party/FreeRTOS/Source/queue.o
                0x0000000008005d78                uxQueueMessagesWaiting
 .text.uxQueueMessagesWaitingFromISR
                0x0000000008005db4       0x3c ./Middlewares/Third_Party/FreeRTOS/Source/queue.o
                0x0000000008005db4                uxQueueMessagesWaitingFromISR
 .text.prvCopyDataToQueue
                0x0000000008005df0       0xd4 ./Middlewares/Third_Party/FreeRTOS/Source/queue.o
 .text.prvCopyDataFromQueue
                0x0000000008005ec4       0x4c ./Middlewares/Third_Party/FreeRTOS/Source/queue.o
 .text.prvUnlockQueue
                0x0000000008005f10       0xa4 ./Middlewares/Third_Party/FreeRTOS/Source/queue.o
 .text.prvIsQueueEmpty
                0x0000000008005fb4       0x2c ./Middlewares/Third_Party/FreeRTOS/Source/queue.o
 .text.prvIsQueueFull
                0x0000000008005fe0       0x30 ./Middlewares/Third_Party/FreeRTOS/Source/queue.o
 .text.vQueueAddToRegistry
                0x0000000008006010       0x54 ./Middlewares/Third_Party/FreeRTOS/Source/queue.o
                0x0000000008006010                vQueueAddToRegistry
 .text.vQueueWaitForMessageRestricted
                0x0000000008006064       0x68 ./Middlewares/Third_Party/FreeRTOS/Source/queue.o
                0x0000000008006064                vQueueWaitForMessageRestricted
 .text.xTaskCreateStatic
                0x00000000080060cc       0xba ./Middlewares/Third_Party/FreeRTOS/Source/tasks.o
                0x00000000080060cc                xTaskCreateStatic
 .text.xTaskCreate
                0x0000000008006186       0x8a ./Middlewares/Third_Party/FreeRTOS/Source/tasks.o
                0x0000000008006186                xTaskCreate
 .text.prvInitialiseNewTask
                0x0000000008006210      0x11e ./Middlewares/Third_Party/FreeRTOS/Source/tasks.o
 *fill*         0x000000000800632e        0x2 
 .text.prvAddNewTaskToReadyList
                0x0000000008006330       0xe0 ./Middlewares/Third_Party/FreeRTOS/Source/tasks.o
 .text.vTaskDelay
                0x0000000008006410       0x68 ./Middlewares/Third_Party/FreeRTOS/Source/tasks.o
                0x0000000008006410                vTaskDelay
 .text.vTaskStartScheduler
                0x0000000008006478       0xcc ./Middlewares/Third_Party/FreeRTOS/Source/tasks.o
                0x0000000008006478                vTaskStartScheduler
 .text.vTaskSuspendAll
                0x0000000008006544       0x1c ./Middlewares/Third_Party/FreeRTOS/Source/tasks.o
                0x0000000008006544                vTaskSuspendAll
 .text.xTaskResumeAll
                0x0000000008006560      0x13c ./Middlewares/Third_Party/FreeRTOS/Source/tasks.o
                0x0000000008006560                xTaskResumeAll
 .text.xTaskGetTickCount
                0x000000000800669c       0x20 ./Middlewares/Third_Party/FreeRTOS/Source/tasks.o
                0x000000000800669c                xTaskGetTickCount
 .text.xTaskIncrementTick
                0x00000000080066bc      0x174 ./Middlewares/Third_Party/FreeRTOS/Source/tasks.o
                0x00000000080066bc                xTaskIncrementTick
 .text.vTaskSwitchContext
                0x0000000008006830       0xbc ./Middlewares/Third_Party/FreeRTOS/Source/tasks.o
                0x0000000008006830                vTaskSwitchContext
 .text.vTaskPlaceOnEventList
                0x00000000080068ec       0x48 ./Middlewares/Third_Party/FreeRTOS/Source/tasks.o
                0x00000000080068ec                vTaskPlaceOnEventList
 .text.vTaskPlaceOnEventListRestricted
                0x0000000008006934       0x58 ./Middlewares/Third_Party/FreeRTOS/Source/tasks.o
                0x0000000008006934                vTaskPlaceOnEventListRestricted
 .text.xTaskRemoveFromEventList
                0x000000000800698c       0xc8 ./Middlewares/Third_Party/FreeRTOS/Source/tasks.o
                0x000000000800698c                xTaskRemoveFromEventList
 .text.vTaskInternalSetTimeOutState
                0x0000000008006a54       0x2c ./Middlewares/Third_Party/FreeRTOS/Source/tasks.o
                0x0000000008006a54                vTaskInternalSetTimeOutState
 .text.xTaskCheckForTimeOut
                0x0000000008006a80       0xc4 ./Middlewares/Third_Party/FreeRTOS/Source/tasks.o
                0x0000000008006a80                xTaskCheckForTimeOut
 .text.vTaskMissedYield
                0x0000000008006b44       0x18 ./Middlewares/Third_Party/FreeRTOS/Source/tasks.o
                0x0000000008006b44                vTaskMissedYield
 .text.prvIdleTask
                0x0000000008006b5c       0x30 ./Middlewares/Third_Party/FreeRTOS/Source/tasks.o
 .text.prvInitialiseTaskLists
                0x0000000008006b8c       0x80 ./Middlewares/Third_Party/FreeRTOS/Source/tasks.o
 .text.prvCheckTasksWaitingTermination
                0x0000000008006c0c       0x5c ./Middlewares/Third_Party/FreeRTOS/Source/tasks.o
 .text.prvDeleteTCB
                0x0000000008006c68       0x5e ./Middlewares/Third_Party/FreeRTOS/Source/tasks.o
 *fill*         0x0000000008006cc6        0x2 
 .text.prvResetNextTaskUnblockTime
                0x0000000008006cc8       0x40 ./Middlewares/Third_Party/FreeRTOS/Source/tasks.o
 .text.xTaskGetSchedulerState
                0x0000000008006d08       0x3c ./Middlewares/Third_Party/FreeRTOS/Source/tasks.o
                0x0000000008006d08                xTaskGetSchedulerState
 .text.xTaskPriorityDisinherit
                0x0000000008006d44       0xdc ./Middlewares/Third_Party/FreeRTOS/Source/tasks.o
                0x0000000008006d44                xTaskPriorityDisinherit
 .text.prvAddCurrentTaskToDelayedList
                0x0000000008006e20       0xa8 ./Middlewares/Third_Party/FreeRTOS/Source/tasks.o
 .text.xTimerCreateTimerTask
                0x0000000008006ec8       0x90 ./Middlewares/Third_Party/FreeRTOS/Source/timers.o
                0x0000000008006ec8                xTimerCreateTimerTask
 .text.xTimerGenericCommand
                0x0000000008006f58       0x9c ./Middlewares/Third_Party/FreeRTOS/Source/timers.o
                0x0000000008006f58                xTimerGenericCommand
 .text.prvProcessExpiredTimer
                0x0000000008006ff4       0x98 ./Middlewares/Third_Party/FreeRTOS/Source/timers.o
 .text.prvTimerTask
                0x000000000800708c       0x24 ./Middlewares/Third_Party/FreeRTOS/Source/timers.o
 .text.prvProcessTimerOrBlockTask
                0x00000000080070b0       0x9c ./Middlewares/Third_Party/FreeRTOS/Source/timers.o
 .text.prvGetNextExpireTime
                0x000000000800714c       0x48 ./Middlewares/Third_Party/FreeRTOS/Source/timers.o
 .text.prvSampleTimeNow
                0x0000000008007194       0x40 ./Middlewares/Third_Party/FreeRTOS/Source/timers.o
 .text.prvInsertTimerInActiveList
                0x00000000080071d4       0x84 ./Middlewares/Third_Party/FreeRTOS/Source/timers.o
 .text.prvProcessReceivedCommands
                0x0000000008007258      0x1c4 ./Middlewares/Third_Party/FreeRTOS/Source/timers.o
 .text.prvSwitchTimerLists
                0x000000000800741c       0xc8 ./Middlewares/Third_Party/FreeRTOS/Source/timers.o
 .text.prvCheckForValidListAndQueue
                0x00000000080074e4       0x80 ./Middlewares/Third_Party/FreeRTOS/Source/timers.o
 .text.pxPortInitialiseStack
                0x0000000008007564       0x68 ./Middlewares/Third_Party/FreeRTOS/Source/portable/GCC/ARM_CM4F/port.o
                0x0000000008007564                pxPortInitialiseStack
 .text.prvTaskExitError
                0x00000000080075cc       0x58 ./Middlewares/Third_Party/FreeRTOS/Source/portable/GCC/ARM_CM4F/port.o
 *fill*         0x0000000008007624        0xc 
 .text.SVC_Handler
                0x0000000008007630       0x28 ./Middlewares/Third_Party/FreeRTOS/Source/portable/GCC/ARM_CM4F/port.o
                0x0000000008007630                SVC_Handler
 .text.prvPortStartFirstTask
                0x0000000008007658       0x28 ./Middlewares/Third_Party/FreeRTOS/Source/portable/GCC/ARM_CM4F/port.o
 .text.xPortStartScheduler
                0x0000000008007680      0x144 ./Middlewares/Third_Party/FreeRTOS/Source/portable/GCC/ARM_CM4F/port.o
                0x0000000008007680                xPortStartScheduler
 .text.vPortEnterCritical
                0x00000000080077c4       0x60 ./Middlewares/Third_Party/FreeRTOS/Source/portable/GCC/ARM_CM4F/port.o
                0x00000000080077c4                vPortEnterCritical
 .text.vPortExitCritical
                0x0000000008007824       0x54 ./Middlewares/Third_Party/FreeRTOS/Source/portable/GCC/ARM_CM4F/port.o
                0x0000000008007824                vPortExitCritical
 *fill*         0x0000000008007878        0x8 
 .text.PendSV_Handler
                0x0000000008007880       0x68 ./Middlewares/Third_Party/FreeRTOS/Source/portable/GCC/ARM_CM4F/port.o
                0x0000000008007880                PendSV_Handler
 .text.xPortSysTickHandler
                0x00000000080078e8       0x44 ./Middlewares/Third_Party/FreeRTOS/Source/portable/GCC/ARM_CM4F/port.o
                0x00000000080078e8                xPortSysTickHandler
 .text.vPortSetupTimerInterrupt
                0x000000000800792c       0x48 ./Middlewares/Third_Party/FreeRTOS/Source/portable/GCC/ARM_CM4F/port.o
                0x000000000800792c                vPortSetupTimerInterrupt
 .text.vPortEnableVFP
                0x0000000008007974       0x14 ./Middlewares/Third_Party/FreeRTOS/Source/portable/GCC/ARM_CM4F/port.o
 .text.vPortValidateInterruptPriority
                0x0000000008007988       0x80 ./Middlewares/Third_Party/FreeRTOS/Source/portable/GCC/ARM_CM4F/port.o
                0x0000000008007988                vPortValidateInterruptPriority
 .text.pvPortMalloc
                0x0000000008007a08      0x198 ./Middlewares/Third_Party/FreeRTOS/Source/portable/MemMang/heap_4.o
                0x0000000008007a08                pvPortMalloc
 .text.vPortFree
                0x0000000008007ba0       0xc4 ./Middlewares/Third_Party/FreeRTOS/Source/portable/MemMang/heap_4.o
                0x0000000008007ba0                vPortFree
 .text.prvHeapInit
                0x0000000008007c64       0xc4 ./Middlewares/Third_Party/FreeRTOS/Source/portable/MemMang/heap_4.o
 .text.prvInsertBlockIntoFreeList
                0x0000000008007d28       0xb4 ./Middlewares/Third_Party/FreeRTOS/Source/portable/MemMang/heap_4.o
 .text._ZN3key3KeyC2ERKNS_9key_set_tE
                0x0000000008007ddc       0x3e ./libraries/key/Src/key.o
                0x0000000008007ddc                key::Key::Key(key::key_set_t const&)
                0x0000000008007ddc                key::Key::Key(key::key_set_t const&)
 .text._ZNK3key3Key2idEv
                0x0000000008007e1a       0x18 ./libraries/key/Src/key.o
                0x0000000008007e1a                key::Key::id() const
 .text._ZNK3key3Key9is_repeatEv
                0x0000000008007e32       0x18 ./libraries/key/Src/key.o
                0x0000000008007e32                key::Key::is_repeat() const
 .text._ZNK3key3Key4readEv
                0x0000000008007e4a       0x32 ./libraries/key/Src/key.o
                0x0000000008007e4a                key::Key::read() const
 .text._ZN3key3Key5resetEv
                0x0000000008007e7c       0x26 ./libraries/key/Src/key.o
                0x0000000008007e7c                key::Key::reset()
 .text._ZNK3key3Key7timeoutEv
                0x0000000008007ea2       0x18 ./libraries/key/Src/key.o
                0x0000000008007ea2                key::Key::timeout() const
 .text._ZNK3key3Key13trigger_stateEv
                0x0000000008007eba       0x18 ./libraries/key/Src/key.o
                0x0000000008007eba                key::Key::trigger_state() const
 .text._ZN3key8KeyboardC2EPPNS_3KeyEj
                0x0000000008007ed2       0x26 ./libraries/key/Src/key.o
                0x0000000008007ed2                key::Keyboard::Keyboard(key::Key**, unsigned int)
                0x0000000008007ed2                key::Keyboard::Keyboard(key::Key**, unsigned int)
 .text._ZN3key8Keyboard4scanEv
                0x0000000008007ef8      0x13c ./libraries/key/Src/key.o
                0x0000000008007ef8                key::Keyboard::scan()
 .text._ZN9RectangleC2Ev
                0x0000000008008034       0x2e ./libraries/menu/Src/menu.o
                0x0000000008008034                Rectangle::Rectangle()
                0x0000000008008034                Rectangle::Rectangle()
 .text._ZNK9Rectangle1XEv
                0x0000000008008062       0x18 ./libraries/menu/Src/menu.o
                0x0000000008008062                Rectangle::X() const
 .text._ZNK9Rectangle1YEv
                0x000000000800807a       0x18 ./libraries/menu/Src/menu.o
                0x000000000800807a                Rectangle::Y() const
 .text._ZNK9Rectangle6HeightEv
                0x0000000008008092       0x18 ./libraries/menu/Src/menu.o
                0x0000000008008092                Rectangle::Height() const
 .text._ZNK9Rectangle5WidthEv
                0x00000000080080aa       0x18 ./libraries/menu/Src/menu.o
                0x00000000080080aa                Rectangle::Width() const
 .text._ZN9Rectangle4setXEm
                0x00000000080080c2       0x1c ./libraries/menu/Src/menu.o
                0x00000000080080c2                Rectangle::setX(unsigned long)
 .text._ZN9Rectangle4setYEm
                0x00000000080080de       0x1c ./libraries/menu/Src/menu.o
                0x00000000080080de                Rectangle::setY(unsigned long)
 .text._ZN4menu6ScreenC2ERK9RectanglePS0_S4_PPNS_7ControlEh
                0x00000000080080fa       0xaa ./libraries/menu/Src/menu.o
                0x00000000080080fa                menu::Screen::Screen(Rectangle const&, menu::Screen*, menu::Screen*, menu::Control**, unsigned char)
                0x00000000080080fa                menu::Screen::Screen(Rectangle const&, menu::Screen*, menu::Screen*, menu::Control**, unsigned char)
 .text._ZN4menu6Screen4drawEv
                0x00000000080081a4       0xc4 ./libraries/menu/Src/menu.o
                0x00000000080081a4                menu::Screen::draw()
 .text._ZN4menu6Screen10find_focusEv
                0x0000000008008268       0x58 ./libraries/menu/Src/menu.o
                0x0000000008008268                menu::Screen::find_focus()
 .text._ZN4menu6Screen7onClickENS_5key_tE
                0x00000000080082c0       0xc8 ./libraries/menu/Src/menu.o
                0x00000000080082c0                menu::Screen::onClick(menu::key_t)
 .text._ZN4menu7ControlC2ERK9RectangleRK6font_t
                0x0000000008008388       0x60 ./libraries/menu/Src/menu.o
                0x0000000008008388                menu::Control::Control(Rectangle const&, font_t const&)
                0x0000000008008388                menu::Control::Control(Rectangle const&, font_t const&)
 .text._ZN4menu7Control4drawEv
                0x00000000080083e8       0xa8 ./libraries/menu/Src/menu.o
                0x00000000080083e8                menu::Control::draw()
 .text._ZN4menu7Control7onClickENS_5key_tE
                0x0000000008008490       0x1a ./libraries/menu/Src/menu.o
                0x0000000008008490                menu::Control::onClick(menu::key_t)
 .text._ZNK4menu7Control4rectEv
                0x00000000080084aa       0x18 ./libraries/menu/Src/menu.o
                0x00000000080084aa                menu::Control::rect() const
 .text._ZN4menu7Control12setRectangleERK9Rectangle
                0x00000000080084c2       0x24 ./libraries/menu/Src/menu.o
                0x00000000080084c2                menu::Control::setRectangle(Rectangle const&)
 *fill*         0x00000000080084e6        0x2 
 .text._ZN4menu5LabelC2EPKcRK9RectangleRK6font_t
                0x00000000080084e8       0x44 ./libraries/menu/Src/menu.o
                0x00000000080084e8                menu::Label::Label(char const*, Rectangle const&, font_t const&)
                0x00000000080084e8                menu::Label::Label(char const*, Rectangle const&, font_t const&)
 .text._ZN4menu5Label4drawEv
                0x000000000800852c       0xa2 ./libraries/menu/Src/menu.o
                0x000000000800852c                menu::Label::draw()
 *fill*         0x00000000080085ce        0x2 
 .text._ZN4menu6ButtonC2EPKcRK9RectangleRK6font_tPFvvE
                0x00000000080085d0       0x4c ./libraries/menu/Src/menu.o
                0x00000000080085d0                menu::Button::Button(char const*, Rectangle const&, font_t const&, void (*)())
                0x00000000080085d0                menu::Button::Button(char const*, Rectangle const&, font_t const&, void (*)())
 .text._ZN4menu6Button7onClickENS_5key_tE
                0x000000000800861c       0x54 ./libraries/menu/Src/menu.o
                0x000000000800861c                menu::Button::onClick(menu::key_t)
 .text._ZN5PointC2Emm
                0x0000000008008670       0x26 ./libraries/ssd1306/Src/ssd1306.o
                0x0000000008008670                Point::Point(unsigned long, unsigned long)
                0x0000000008008670                Point::Point(unsigned long, unsigned long)
 .text._ZNK5Point1xEv
                0x0000000008008696       0x18 ./libraries/ssd1306/Src/ssd1306.o
                0x0000000008008696                Point::x() const
 .text._ZNK5Point1yEv
                0x00000000080086ae       0x18 ./libraries/ssd1306/Src/ssd1306.o
                0x00000000080086ae                Point::y() const
 .text._ZNK9Rectangle6bottomEv
                0x00000000080086c6       0x1e ./libraries/ssd1306/Src/ssd1306.o
                0x00000000080086c6                Rectangle::bottom() const
 .text._ZNK9Rectangle4leftEv
                0x00000000080086e4       0x18 ./libraries/ssd1306/Src/ssd1306.o
                0x00000000080086e4                Rectangle::left() const
 .text._ZNK9Rectangle5rightEv
                0x00000000080086fc       0x1e ./libraries/ssd1306/Src/ssd1306.o
                0x00000000080086fc                Rectangle::right() const
 .text._ZNK9Rectangle3topEv
                0x000000000800871a       0x18 ./libraries/ssd1306/Src/ssd1306.o
                0x000000000800871a                Rectangle::top() const
 .text._ZN9Rectangle8setWidthEm
                0x0000000008008732       0x1c ./libraries/ssd1306/Src/ssd1306.o
                0x0000000008008732                Rectangle::setWidth(unsigned long)
 .text._ZN9Rectangle9setHeightEm
                0x000000000800874e       0x1c ./libraries/ssd1306/Src/ssd1306.o
                0x000000000800874e                Rectangle::setHeight(unsigned long)
 .text._ZNK9Rectangle7isValidEv
                0x000000000800876a       0x2a ./libraries/ssd1306/Src/ssd1306.o
                0x000000000800876a                Rectangle::isValid() const
 .text._ZNK9Rectangle6centerEv
                0x0000000008008794       0x26 ./libraries/ssd1306/Src/ssd1306.o
                0x0000000008008794                Rectangle::center() const
 .text._ZL5widthv
                0x00000000080087ba       0x10 ./libraries/ssd1306/Src/ssd1306.o
 .text._ZL6heightv
                0x00000000080087ca       0x10 ./libraries/ssd1306/Src/ssd1306.o
 .text._Z16ssd1306_GetWidthv
                0x00000000080087da       0x10 ./libraries/ssd1306/Src/ssd1306.o
                0x00000000080087da                ssd1306_GetWidth()
 .text._Z17ssd1306_GetHeightv
                0x00000000080087ea       0x10 ./libraries/ssd1306/Src/ssd1306.o
                0x00000000080087ea                ssd1306_GetHeight()
 *fill*         0x00000000080087fa        0x2 
 .text._Z16ssd1306_SetColor13SSD1306_COLOR
                0x00000000080087fc       0x20 ./libraries/ssd1306/Src/ssd1306.o
                0x00000000080087fc                ssd1306_SetColor(SSD1306_COLOR)
 .text._Z12ssd1306_InitP19__I2C_HandleTypeDef
                0x000000000800881c      0x148 ./libraries/ssd1306/Src/ssd1306.o
                0x000000000800881c                ssd1306_Init(__I2C_HandleTypeDef*)
 .text._Z20ssd1306_UpdateScreenv
                0x0000000008008964       0x54 ./libraries/ssd1306/Src/ssd1306.o
                0x0000000008008964                ssd1306_UpdateScreen()
 .text._Z17ssd1306_DrawPixelhh
                0x00000000080089b8       0xf0 ./libraries/ssd1306/Src/ssd1306.o
                0x00000000080089b8                ssd1306_DrawPixel(unsigned char, unsigned char)
 .text._Z26ssd1306_DrawHorizontalLinesss
                0x0000000008008aa8      0x174 ./libraries/ssd1306/Src/ssd1306.o
                0x0000000008008aa8                ssd1306_DrawHorizontalLine(short, short, short)
 .text._Z24ssd1306_DrawVerticalLinesss
                0x0000000008008c1c      0x26c ./libraries/ssd1306/Src/ssd1306.o
                0x0000000008008c1c                ssd1306_DrawVerticalLine(short, short, short)
 .text._Z16ssd1306_DrawRectssss
                0x0000000008008e88       0x82 ./libraries/ssd1306/Src/ssd1306.o
                0x0000000008008e88                ssd1306_DrawRect(short, short, short, short)
 .text._Z16ssd1306_DrawRectRK9Rectangle
                0x0000000008008f0a       0x6a ./libraries/ssd1306/Src/ssd1306.o
                0x0000000008008f0a                ssd1306_DrawRect(Rectangle const&)
 .text._Z20ssd1306_DrawFillRectssss
                0x0000000008008f74       0x5c ./libraries/ssd1306/Src/ssd1306.o
                0x0000000008008f74                ssd1306_DrawFillRect(short, short, short, short)
 .text._Z20ssd1306_DrawFillRectRK9Rectangle
                0x0000000008008fd0       0x6a ./libraries/ssd1306/Src/ssd1306.o
                0x0000000008008fd0                ssd1306_DrawFillRect(Rectangle const&)
 *fill*         0x000000000800903a        0x2 
 .text._Z16ssd1306_DrawCharcRK6font_t
                0x000000000800903c      0x150 ./libraries/ssd1306/Src/ssd1306.o
                0x000000000800903c                ssd1306_DrawChar(char, font_t const&)
 .text._Z20ssd1306_DrawUtf8ChartRK6font_t
                0x000000000800918c      0x17c ./libraries/ssd1306/Src/ssd1306.o
                0x000000000800918c                ssd1306_DrawUtf8Char(unsigned short, font_t const&)
 .text._Z18ssd1306_DrawStringPcRK6font_t
                0x0000000008009308       0xbe ./libraries/ssd1306/Src/ssd1306.o
                0x0000000008009308                ssd1306_DrawString(char*, font_t const&)
 .text._Z18ssd1306_DrawStringRK9RectanglePcRK6font_t17SSD1306_Alignment
                0x00000000080093c6      0x198 ./libraries/ssd1306/Src/ssd1306.o
                0x00000000080093c6                ssd1306_DrawString(Rectangle const&, char*, font_t const&, SSD1306_Alignment)
 *fill*         0x000000000800955e        0x2 
 .text._Z17ssd1306_SetCursorhh
                0x0000000008009560       0x30 ./libraries/ssd1306/Src/ssd1306.o
                0x0000000008009560                ssd1306_SetCursor(unsigned char, unsigned char)
 .text._Z13ssd1306_Clearv
                0x0000000008009590       0x18 ./libraries/ssd1306/Src/ssd1306.o
                0x0000000008009590                ssd1306_Clear()
 .text._Z19ssd1306_BoundStringPKcRK6font_tf
                0x00000000080095a8      0x13a ./libraries/ssd1306/Src/ssd1306.o
                0x00000000080095a8                ssd1306_BoundString(char const*, font_t const&, float)
 *fill*         0x00000000080096e2        0x2 
 .text._ZL20ssd1306_WriteCommandh
                0x00000000080096e4       0x48 ./libraries/ssd1306/Src/ssd1306.o
 .text._ZL17ssd1306_WriteDataPht
                0x000000000800972c       0x4c ./libraries/ssd1306/Src/ssd1306.o
 .text.HAL_I2C_MemTxCpltCallback
                0x0000000008009778       0x14 ./libraries/ssd1306/Src/ssd1306.o
                0x0000000008009778                HAL_I2C_MemTxCpltCallback
 .text.__libc_init_array
                0x000000000800978c       0x48 c:/st/stm32cubeide_1.7.0/stm32cubeide/plugins/com.st.stm32cube.ide.mcu.externaltools.gnu-tools-for-stm32.9-2020-q2-update.win32_2.0.0.202105311346/tools/bin/../lib/gcc/arm-none-eabi/9.3.1/../../../../arm-none-eabi/lib/thumb/v7e-m+fp/hard\libc_nano.a(lib_a-init.o)
                0x000000000800978c                __libc_init_array
 .text.memcpy   0x00000000080097d4       0x1c c:/st/stm32cubeide_1.7.0/stm32cubeide/plugins/com.st.stm32cube.ide.mcu.externaltools.gnu-tools-for-stm32.9-2020-q2-update.win32_2.0.0.202105311346/tools/bin/../lib/gcc/arm-none-eabi/9.3.1/../../../../arm-none-eabi/lib/thumb/v7e-m+fp/hard\libc_nano.a(lib_a-memcpy-stub.o)
                0x00000000080097d4                memcpy
 .text.memset   0x00000000080097f0       0x10 c:/st/stm32cubeide_1.7.0/stm32cubeide/plugins/com.st.stm32cube.ide.mcu.externaltools.gnu-tools-for-stm32.9-2020-q2-update.win32_2.0.0.202105311346/tools/bin/../lib/gcc/arm-none-eabi/9.3.1/../../../../arm-none-eabi/lib/thumb/v7e-m+fp/hard\libc_nano.a(lib_a-memset.o)
                0x00000000080097f0                memset
 .text.strcpy   0x0000000008009800       0x10 c:/st/stm32cubeide_1.7.0/stm32cubeide/plugins/com.st.stm32cube.ide.mcu.externaltools.gnu-tools-for-stm32.9-2020-q2-update.win32_2.0.0.202105311346/tools/bin/../lib/gcc/arm-none-eabi/9.3.1/../../../../arm-none-eabi/lib/thumb/v7e-m+fp/hard\libc_nano.a(lib_a-strcpy.o)
                0x0000000008009800                strcpy
 *(.glue_7)
 .glue_7        0x0000000008009810        0x0 linker stubs
 *(.glue_7t)
 .glue_7t       0x0000000008009810        0x0 linker stubs
 *(.eh_frame)
 .eh_frame      0x0000000008009810        0x0 c:/st/stm32cubeide_1.7.0/stm32cubeide/plugins/com.st.stm32cube.ide.mcu.externaltools.gnu-tools-for-stm32.9-2020-q2-update.win32_2.0.0.202105311346/tools/bin/../lib/gcc/arm-none-eabi/9.3.1/thumb/v7e-m+fp/hard/crtbegin.o
 *(.init)
 .init          0x0000000008009810        0x4 c:/st/stm32cubeide_1.7.0/stm32cubeide/plugins/com.st.stm32cube.ide.mcu.externaltools.gnu-tools-for-stm32.9-2020-q2-update.win32_2.0.0.202105311346/tools/bin/../lib/gcc/arm-none-eabi/9.3.1/thumb/v7e-m+fp/hard/crti.o
                0x0000000008009810                _init
 .init          0x0000000008009814        0x8 c:/st/stm32cubeide_1.7.0/stm32cubeide/plugins/com.st.stm32cube.ide.mcu.externaltools.gnu-tools-for-stm32.9-2020-q2-update.win32_2.0.0.202105311346/tools/bin/../lib/gcc/arm-none-eabi/9.3.1/thumb/v7e-m+fp/hard/crtn.o
 *(.fini)
 .fini          0x000000000800981c        0x4 c:/st/stm32cubeide_1.7.0/stm32cubeide/plugins/com.st.stm32cube.ide.mcu.externaltools.gnu-tools-for-stm32.9-2020-q2-update.win32_2.0.0.202105311346/tools/bin/../lib/gcc/arm-none-eabi/9.3.1/thumb/v7e-m+fp/hard/crti.o
                0x000000000800981c                _fini
 .fini          0x0000000008009820        0x8 c:/st/stm32cubeide_1.7.0/stm32cubeide/plugins/com.st.stm32cube.ide.mcu.externaltools.gnu-tools-for-stm32.9-2020-q2-update.win32_2.0.0.202105311346/tools/bin/../lib/gcc/arm-none-eabi/9.3.1/thumb/v7e-m+fp/hard/crtn.o
                0x0000000008009828                . = ALIGN (0x4)
                0x0000000008009828                _etext = .

.vfp11_veneer   0x0000000008009828        0x0
 .vfp11_veneer  0x0000000008009828        0x0 linker stubs

.v4_bx          0x0000000008009828        0x0
 .v4_bx         0x0000000008009828        0x0 linker stubs

.iplt           0x0000000008009828        0x0
 .iplt          0x0000000008009828        0x0 c:/st/stm32cubeide_1.7.0/stm32cubeide/plugins/com.st.stm32cube.ide.mcu.externaltools.gnu-tools-for-stm32.9-2020-q2-update.win32_2.0.0.202105311346/tools/bin/../lib/gcc/arm-none-eabi/9.3.1/thumb/v7e-m+fp/hard/crtbegin.o

.rodata         0x0000000008009828     0x2a6c
                0x0000000008009828                . = ALIGN (0x4)
 *(.rodata)
 .rodata        0x0000000008009828       0x53 ./Core/Src/main.o
 *fill*         0x000000000800987b        0x1 
 .rodata        0x000000000800987c        0x5 ./Middlewares/Third_Party/FreeRTOS/Source/tasks.o
 *fill*         0x0000000008009881        0x3 
 .rodata        0x0000000008009884        0xd ./Middlewares/Third_Party/FreeRTOS/Source/timers.o
 *fill*         0x0000000008009891        0x3 
 .rodata        0x0000000008009894        0x4 ./libraries/menu/Src/menu.o
 *(.rodata*)
 .rodata._ZL22defaultTask_attributes
                0x0000000008009898       0x24 ./Core/Src/main.o
 .rodata._ZL18display_attributes
                0x00000000080098bc       0x24 ./Core/Src/main.o
 .rodata._ZL21buttonScan_attributes
                0x00000000080098e0       0x24 ./Core/Src/main.o
 .rodata._ZL24queueMessages_attributes
                0x0000000008009904       0x18 ./Core/Src/main.o
 .rodata.AHBPrescTable
                0x000000000800991c       0x10 ./Core/Src/system_stm32l4xx.o
                0x000000000800991c                AHBPrescTable
 .rodata.APBPrescTable
                0x000000000800992c        0x8 ./Core/Src/system_stm32l4xx.o
                0x000000000800992c                APBPrescTable
 .rodata.MSIRangeTable
                0x0000000008009934       0x30 ./Core/Src/system_stm32l4xx.o
                0x0000000008009934                MSIRangeTable
 .rodata._ZTVN4menu6ButtonE
                0x0000000008009964       0x10 ./libraries/menu/Src/menu.o
                0x0000000008009964                vtable for menu::Button
 .rodata._ZTVN4menu5LabelE
                0x0000000008009974       0x10 ./libraries/menu/Src/menu.o
                0x0000000008009974                vtable for menu::Label
 .rodata._ZTVN4menu7ControlE
                0x0000000008009984       0x10 ./libraries/menu/Src/menu.o
                0x0000000008009984                vtable for menu::Control
 .rodata._ZL12Verdana16x16
                0x0000000008009994     0x28fe ./libraries/ssd1306/Src/fonts.o
                0x000000000800c294                . = ALIGN (0x4)
 *fill*         0x000000000800c292        0x2 

.rel.dyn        0x000000000800c294        0x0
 .rel.iplt      0x000000000800c294        0x0 c:/st/stm32cubeide_1.7.0/stm32cubeide/plugins/com.st.stm32cube.ide.mcu.externaltools.gnu-tools-for-stm32.9-2020-q2-update.win32_2.0.0.202105311346/tools/bin/../lib/gcc/arm-none-eabi/9.3.1/thumb/v7e-m+fp/hard/crtbegin.o

.ARM.extab      0x000000000800c294        0x0
                0x000000000800c294                . = ALIGN (0x4)
 *(.ARM.extab* .gnu.linkonce.armextab.*)
                0x000000000800c294                . = ALIGN (0x4)

.ARM            0x000000000800c294        0x0
                0x000000000800c294                . = ALIGN (0x4)
                0x000000000800c294                __exidx_start = .
 *(.ARM.exidx*)
                0x000000000800c294                __exidx_end = .
                0x000000000800c294                . = ALIGN (0x4)

.preinit_array  0x000000000800c294        0x0
                0x000000000800c294                . = ALIGN (0x4)
                0x000000000800c294                PROVIDE (__preinit_array_start = .)
 *(.preinit_array*)
                0x000000000800c294                PROVIDE (__preinit_array_end = .)
                0x000000000800c294                . = ALIGN (0x4)

.init_array     0x000000000800c294        0x4
                0x000000000800c294                . = ALIGN (0x4)
                0x000000000800c294                PROVIDE (__init_array_start = .)
 *(SORT_BY_NAME(.init_array.*))
 *(.init_array*)
 .init_array    0x000000000800c294        0x4 c:/st/stm32cubeide_1.7.0/stm32cubeide/plugins/com.st.stm32cube.ide.mcu.externaltools.gnu-tools-for-stm32.9-2020-q2-update.win32_2.0.0.202105311346/tools/bin/../lib/gcc/arm-none-eabi/9.3.1/thumb/v7e-m+fp/hard/crtbegin.o
                0x000000000800c298                PROVIDE (__init_array_end = .)
                0x000000000800c298                . = ALIGN (0x4)

.fini_array     0x000000000800c298        0x4
                0x000000000800c298                . = ALIGN (0x4)
                [!provide]                        PROVIDE (__fini_array_start = .)
 *(SORT_BY_NAME(.fini_array.*))
 *(.fini_array*)
 .fini_array    0x000000000800c298        0x4 c:/st/stm32cubeide_1.7.0/stm32cubeide/plugins/com.st.stm32cube.ide.mcu.externaltools.gnu-tools-for-stm32.9-2020-q2-update.win32_2.0.0.202105311346/tools/bin/../lib/gcc/arm-none-eabi/9.3.1/thumb/v7e-m+fp/hard/crtbegin.o
                [!provide]                        PROVIDE (__fini_array_end = .)
                0x000000000800c29c                . = ALIGN (0x4)
                0x000000000800c29c                _sidata = LOADADDR (.data)

.data           0x0000000020000000       0x1c load address 0x000000000800c29c
                0x0000000020000000                . = ALIGN (0x4)
                0x0000000020000000                _sdata = .
 *(.data)
 *(.data*)
 .data.SystemCoreClock
                0x0000000020000000        0x4 ./Core/Src/system_stm32l4xx.o
                0x0000000020000000                SystemCoreClock
 .data.uwTickPrio
                0x0000000020000004        0x4 ./Drivers/STM32L4xx_HAL_Driver/Src/stm32l4xx_hal.o
                0x0000000020000004                uwTickPrio
 .data.uwTickFreq
                0x0000000020000008        0x1 ./Drivers/STM32L4xx_HAL_Driver/Src/stm32l4xx_hal.o
                0x0000000020000008                uwTickFreq
 *fill*         0x0000000020000009        0x3 
 .data.uxCriticalNesting
                0x000000002000000c        0x4 ./Middlewares/Third_Party/FreeRTOS/Source/portable/GCC/ARM_CM4F/port.o
 .data._ZN3key8Keyboard6periodE
                0x0000000020000010        0x4 ./libraries/key/Src/key.o
                0x0000000020000010                key::Keyboard::period
 .data.FontVerdana_16x16
                0x0000000020000014        0x8 ./libraries/ssd1306/Src/fonts.o
                0x0000000020000014                FontVerdana_16x16
 *(.RamFunc)
 *(.RamFunc*)
                0x000000002000001c                . = ALIGN (0x4)
                0x000000002000001c                _edata = .

.igot.plt       0x000000002000001c        0x0 load address 0x000000000800c2b8
 .igot.plt      0x000000002000001c        0x0 c:/st/stm32cubeide_1.7.0/stm32cubeide/plugins/com.st.stm32cube.ide.mcu.externaltools.gnu-tools-for-stm32.9-2020-q2-update.win32_2.0.0.202105311346/tools/bin/../lib/gcc/arm-none-eabi/9.3.1/thumb/v7e-m+fp/hard/crtbegin.o
                0x000000002000001c                . = ALIGN (0x4)

.bss            0x000000002000001c     0x3270 load address 0x000000000800c2b8
                0x000000002000001c                _sbss = .
                0x000000002000001c                __bss_start__ = _sbss
 *(.bss)
 .bss           0x000000002000001c       0x1c c:/st/stm32cubeide_1.7.0/stm32cubeide/plugins/com.st.stm32cube.ide.mcu.externaltools.gnu-tools-for-stm32.9-2020-q2-update.win32_2.0.0.202105311346/tools/bin/../lib/gcc/arm-none-eabi/9.3.1/thumb/v7e-m+fp/hard/crtbegin.o
 *(.bss*)
 .bss.hi2c1     0x0000000020000038       0x4c ./Core/Src/main.o
                0x0000000020000038                hi2c1
 .bss.hdma_i2c1_tx
                0x0000000020000084       0x48 ./Core/Src/main.o
                0x0000000020000084                hdma_i2c1_tx
 .bss.defaultTaskHandle
                0x00000000200000cc        0x4 ./Core/Src/main.o
                0x00000000200000cc                defaultTaskHandle
 .bss.displayHandle
                0x00000000200000d0        0x4 ./Core/Src/main.o
                0x00000000200000d0                displayHandle
 .bss.buttonScanHandle
                0x00000000200000d4        0x4 ./Core/Src/main.o
                0x00000000200000d4                buttonScanHandle
 .bss.queueMessagesHandle
                0x00000000200000d8        0x4 ./Core/Src/main.o
                0x00000000200000d8                queueMessagesHandle
 .bss.KernelState
                0x00000000200000dc        0x4 ./Middlewares/Third_Party/FreeRTOS/Source/CMSIS_RTOS_V2/cmsis_os2.o
 .bss.Idle_TCB.10555
                0x00000000200000e0       0x5c ./Middlewares/Third_Party/FreeRTOS/Source/CMSIS_RTOS_V2/cmsis_os2.o
 .bss.Idle_Stack.10556
                0x000000002000013c      0x200 ./Middlewares/Third_Party/FreeRTOS/Source/CMSIS_RTOS_V2/cmsis_os2.o
 .bss.Timer_TCB.10562
                0x000000002000033c       0x5c ./Middlewares/Third_Party/FreeRTOS/Source/CMSIS_RTOS_V2/cmsis_os2.o
 .bss.Timer_Stack.10563
                0x0000000020000398      0x400 ./Middlewares/Third_Party/FreeRTOS/Source/CMSIS_RTOS_V2/cmsis_os2.o
 .bss.pxCurrentTCB
                0x0000000020000798        0x4 ./Middlewares/Third_Party/FreeRTOS/Source/tasks.o
                0x0000000020000798                pxCurrentTCB
 .bss.pxReadyTasksLists
                0x000000002000079c      0x460 ./Middlewares/Third_Party/FreeRTOS/Source/tasks.o
 .bss.xDelayedTaskList1
                0x0000000020000bfc       0x14 ./Middlewares/Third_Party/FreeRTOS/Source/tasks.o
 .bss.xDelayedTaskList2
                0x0000000020000c10       0x14 ./Middlewares/Third_Party/FreeRTOS/Source/tasks.o
 .bss.pxDelayedTaskList
                0x0000000020000c24        0x4 ./Middlewares/Third_Party/FreeRTOS/Source/tasks.o
 .bss.pxOverflowDelayedTaskList
                0x0000000020000c28        0x4 ./Middlewares/Third_Party/FreeRTOS/Source/tasks.o
 .bss.xPendingReadyList
                0x0000000020000c2c       0x14 ./Middlewares/Third_Party/FreeRTOS/Source/tasks.o
 .bss.xTasksWaitingTermination
                0x0000000020000c40       0x14 ./Middlewares/Third_Party/FreeRTOS/Source/tasks.o
 .bss.uxDeletedTasksWaitingCleanUp
                0x0000000020000c54        0x4 ./Middlewares/Third_Party/FreeRTOS/Source/tasks.o
 .bss.xSuspendedTaskList
                0x0000000020000c58       0x14 ./Middlewares/Third_Party/FreeRTOS/Source/tasks.o
 .bss.uxCurrentNumberOfTasks
                0x0000000020000c6c        0x4 ./Middlewares/Third_Party/FreeRTOS/Source/tasks.o
 .bss.xTickCount
                0x0000000020000c70        0x4 ./Middlewares/Third_Party/FreeRTOS/Source/tasks.o
 .bss.uxTopReadyPriority
                0x0000000020000c74        0x4 ./Middlewares/Third_Party/FreeRTOS/Source/tasks.o
 .bss.xSchedulerRunning
                0x0000000020000c78        0x4 ./Middlewares/Third_Party/FreeRTOS/Source/tasks.o
 .bss.xPendedTicks
                0x0000000020000c7c        0x4 ./Middlewares/Third_Party/FreeRTOS/Source/tasks.o
 .bss.xYieldPending
                0x0000000020000c80        0x4 ./Middlewares/Third_Party/FreeRTOS/Source/tasks.o
 .bss.xNumOfOverflows
                0x0000000020000c84        0x4 ./Middlewares/Third_Party/FreeRTOS/Source/tasks.o
 .bss.uxTaskNumber
                0x0000000020000c88        0x4 ./Middlewares/Third_Party/FreeRTOS/Source/tasks.o
 .bss.xNextTaskUnblockTime
                0x0000000020000c8c        0x4 ./Middlewares/Third_Party/FreeRTOS/Source/tasks.o
 .bss.xIdleTaskHandle
                0x0000000020000c90        0x4 ./Middlewares/Third_Party/FreeRTOS/Source/tasks.o
 .bss.uxSchedulerSuspended
                0x0000000020000c94        0x4 ./Middlewares/Third_Party/FreeRTOS/Source/tasks.o
 .bss.xActiveTimerList1
                0x0000000020000c98       0x14 ./Middlewares/Third_Party/FreeRTOS/Source/timers.o
 .bss.xActiveTimerList2
                0x0000000020000cac       0x14 ./Middlewares/Third_Party/FreeRTOS/Source/timers.o
 .bss.pxCurrentTimerList
                0x0000000020000cc0        0x4 ./Middlewares/Third_Party/FreeRTOS/Source/timers.o
 .bss.pxOverflowTimerList
                0x0000000020000cc4        0x4 ./Middlewares/Third_Party/FreeRTOS/Source/timers.o
 .bss.xTimerQueue
                0x0000000020000cc8        0x4 ./Middlewares/Third_Party/FreeRTOS/Source/timers.o
 .bss.xTimerTaskHandle
                0x0000000020000ccc        0x4 ./Middlewares/Third_Party/FreeRTOS/Source/timers.o
 .bss.xLastTime.6925
                0x0000000020000cd0        0x4 ./Middlewares/Third_Party/FreeRTOS/Source/timers.o
 .bss.ucStaticTimerQueueStorage.6976
                0x0000000020000cd4       0xa0 ./Middlewares/Third_Party/FreeRTOS/Source/timers.o
 .bss.xStaticTimerQueue.6975
                0x0000000020000d74       0x50 ./Middlewares/Third_Party/FreeRTOS/Source/timers.o
 .bss.ucMaxSysCallPriority
                0x0000000020000dc4        0x1 ./Middlewares/Third_Party/FreeRTOS/Source/portable/GCC/ARM_CM4F/port.o
 *fill*         0x0000000020000dc5        0x3 
 .bss.ulMaxPRIGROUPValue
                0x0000000020000dc8        0x4 ./Middlewares/Third_Party/FreeRTOS/Source/portable/GCC/ARM_CM4F/port.o
 .bss.ucHeap    0x0000000020000dcc     0x2000 ./Middlewares/Third_Party/FreeRTOS/Source/portable/MemMang/heap_4.o
 .bss.xStart    0x0000000020002dcc        0x8 ./Middlewares/Third_Party/FreeRTOS/Source/portable/MemMang/heap_4.o
 .bss.pxEnd     0x0000000020002dd4        0x4 ./Middlewares/Third_Party/FreeRTOS/Source/portable/MemMang/heap_4.o
 .bss.xFreeBytesRemaining
                0x0000000020002dd8        0x4 ./Middlewares/Third_Party/FreeRTOS/Source/portable/MemMang/heap_4.o
 .bss.xMinimumEverFreeBytesRemaining
                0x0000000020002ddc        0x4 ./Middlewares/Third_Party/FreeRTOS/Source/portable/MemMang/heap_4.o
 .bss.xNumberOfSuccessfulAllocations
                0x0000000020002de0        0x4 ./Middlewares/Third_Party/FreeRTOS/Source/portable/MemMang/heap_4.o
 .bss.xNumberOfSuccessfulFrees
                0x0000000020002de4        0x4 ./Middlewares/Third_Party/FreeRTOS/Source/portable/MemMang/heap_4.o
 .bss.xBlockAllocatedBit
                0x0000000020002de8        0x4 ./Middlewares/Third_Party/FreeRTOS/Source/portable/MemMang/heap_4.o
 .bss._ZL7SSD1306
                0x0000000020002dec        0x8 ./libraries/ssd1306/Src/ssd1306.o
 .bss._hi2c     0x0000000020002df4        0x4 ./libraries/ssd1306/Src/ssd1306.o
                0x0000000020002df4                _hi2c
 .bss._ZL14SSD1306_Buffer
                0x0000000020002df8      0x400 ./libraries/ssd1306/Src/ssd1306.o
 .bss.display_geometry
                0x00000000200031f8        0x1 ./libraries/ssd1306/Src/ssd1306.o
                0x00000000200031f8                display_geometry
 *(COMMON)
 *fill*         0x00000000200031f9        0x3 
 COMMON         0x00000000200031fc       0x4c ./Core/Src/stm32l4xx_hal_timebase_tim.o
                0x00000000200031fc                htim17
 COMMON         0x0000000020003248        0x4 ./Drivers/STM32L4xx_HAL_Driver/Src/stm32l4xx_hal.o
                0x0000000020003248                uwTick
 COMMON         0x000000002000324c       0x40 ./Middlewares/Third_Party/FreeRTOS/Source/queue.o
                0x000000002000324c                xQueueRegistry
                0x000000002000328c                . = ALIGN (0x4)
                0x000000002000328c                _ebss = .
                0x000000002000328c                __bss_end__ = _ebss

._user_heap_stack
                0x000000002000328c      0x604 load address 0x000000000800c2b8
                0x0000000020003290                . = ALIGN (0x8)
 *fill*         0x000000002000328c        0x4 
                [!provide]                        PROVIDE (end = .)
                0x0000000020003290                PROVIDE (_end = .)
                0x0000000020003490                . = (. + _Min_Heap_Size)
 *fill*         0x0000000020003290      0x200 
                0x0000000020003890                . = (. + _Min_Stack_Size)
 *fill*         0x0000000020003490      0x400 
                0x0000000020003890                . = ALIGN (0x8)

/DISCARD/
 libc.a(*)
 libm.a(*)
 libgcc.a(*)

.ARM.attributes
                0x0000000000000000       0x30
 *(.ARM.attributes)
 .ARM.attributes
                0x0000000000000000       0x1e c:/st/stm32cubeide_1.7.0/stm32cubeide/plugins/com.st.stm32cube.ide.mcu.externaltools.gnu-tools-for-stm32.9-2020-q2-update.win32_2.0.0.202105311346/tools/bin/../lib/gcc/arm-none-eabi/9.3.1/thumb/v7e-m+fp/hard/crti.o
 .ARM.attributes
                0x000000000000001e       0x34 c:/st/stm32cubeide_1.7.0/stm32cubeide/plugins/com.st.stm32cube.ide.mcu.externaltools.gnu-tools-for-stm32.9-2020-q2-update.win32_2.0.0.202105311346/tools/bin/../lib/gcc/arm-none-eabi/9.3.1/thumb/v7e-m+fp/hard/crtbegin.o
 .ARM.attributes
                0x0000000000000052       0x34 ./Core/Src/main.o
 .ARM.attributes
                0x0000000000000086       0x34 ./Core/Src/stm32l4xx_hal_msp.o
 .ARM.attributes
                0x00000000000000ba       0x34 ./Core/Src/stm32l4xx_hal_timebase_tim.o
 .ARM.attributes
                0x00000000000000ee       0x34 ./Core/Src/stm32l4xx_it.o
 .ARM.attributes
                0x0000000000000122       0x34 ./Core/Src/system_stm32l4xx.o
 .ARM.attributes
                0x0000000000000156       0x21 ./Core/Startup/startup_stm32l476rgtx.o
 .ARM.attributes
                0x0000000000000177       0x34 ./Drivers/STM32L4xx_HAL_Driver/Src/stm32l4xx_hal.o
 .ARM.attributes
                0x00000000000001ab       0x34 ./Drivers/STM32L4xx_HAL_Driver/Src/stm32l4xx_hal_cortex.o
 .ARM.attributes
                0x00000000000001df       0x34 ./Drivers/STM32L4xx_HAL_Driver/Src/stm32l4xx_hal_dma.o
 .ARM.attributes
                0x0000000000000213       0x34 ./Drivers/STM32L4xx_HAL_Driver/Src/stm32l4xx_hal_gpio.o
 .ARM.attributes
                0x0000000000000247       0x34 ./Drivers/STM32L4xx_HAL_Driver/Src/stm32l4xx_hal_i2c.o
 .ARM.attributes
                0x000000000000027b       0x34 ./Drivers/STM32L4xx_HAL_Driver/Src/stm32l4xx_hal_i2c_ex.o
 .ARM.attributes
                0x00000000000002af       0x34 ./Drivers/STM32L4xx_HAL_Driver/Src/stm32l4xx_hal_pwr_ex.o
 .ARM.attributes
                0x00000000000002e3       0x34 ./Drivers/STM32L4xx_HAL_Driver/Src/stm32l4xx_hal_rcc.o
 .ARM.attributes
                0x0000000000000317       0x34 ./Drivers/STM32L4xx_HAL_Driver/Src/stm32l4xx_hal_rcc_ex.o
 .ARM.attributes
                0x000000000000034b       0x34 ./Drivers/STM32L4xx_HAL_Driver/Src/stm32l4xx_hal_tim.o
 .ARM.attributes
                0x000000000000037f       0x34 ./Drivers/STM32L4xx_HAL_Driver/Src/stm32l4xx_hal_tim_ex.o
 .ARM.attributes
                0x00000000000003b3       0x34 ./Middlewares/Third_Party/FreeRTOS/Source/CMSIS_RTOS_V2/cmsis_os2.o
 .ARM.attributes
                0x00000000000003e7       0x34 ./Middlewares/Third_Party/FreeRTOS/Source/list.o
 .ARM.attributes
                0x000000000000041b       0x34 ./Middlewares/Third_Party/FreeRTOS/Source/queue.o
 .ARM.attributes
                0x000000000000044f       0x34 ./Middlewares/Third_Party/FreeRTOS/Source/tasks.o
 .ARM.attributes
                0x0000000000000483       0x34 ./Middlewares/Third_Party/FreeRTOS/Source/timers.o
 .ARM.attributes
                0x00000000000004b7       0x34 ./Middlewares/Third_Party/FreeRTOS/Source/portable/GCC/ARM_CM4F/port.o
 .ARM.attributes
                0x00000000000004eb       0x34 ./Middlewares/Third_Party/FreeRTOS/Source/portable/MemMang/heap_4.o
 .ARM.attributes
                0x000000000000051f       0x34 ./libraries/key/Src/key.o
 .ARM.attributes
                0x0000000000000553       0x34 ./libraries/menu/Src/menu.o
 .ARM.attributes
                0x0000000000000587       0x39 ./libraries/ssd1306/Src/fonts.o
 .ARM.attributes
                0x00000000000005c0       0x34 ./libraries/ssd1306/Src/ssd1306.o
 .ARM.attributes
                0x00000000000005f4       0x34 c:/st/stm32cubeide_1.7.0/stm32cubeide/plugins/com.st.stm32cube.ide.mcu.externaltools.gnu-tools-for-stm32.9-2020-q2-update.win32_2.0.0.202105311346/tools/bin/../lib/gcc/arm-none-eabi/9.3.1/../../../../arm-none-eabi/lib/thumb/v7e-m+fp/hard\libc_nano.a(lib_a-init.o)
 .ARM.attributes
                0x0000000000000628       0x34 c:/st/stm32cubeide_1.7.0/stm32cubeide/plugins/com.st.stm32cube.ide.mcu.externaltools.gnu-tools-for-stm32.9-2020-q2-update.win32_2.0.0.202105311346/tools/bin/../lib/gcc/arm-none-eabi/9.3.1/../../../../arm-none-eabi/lib/thumb/v7e-m+fp/hard\libc_nano.a(lib_a-memcpy-stub.o)
 .ARM.attributes
                0x000000000000065c       0x34 c:/st/stm32cubeide_1.7.0/stm32cubeide/plugins/com.st.stm32cube.ide.mcu.externaltools.gnu-tools-for-stm32.9-2020-q2-update.win32_2.0.0.202105311346/tools/bin/../lib/gcc/arm-none-eabi/9.3.1/../../../../arm-none-eabi/lib/thumb/v7e-m+fp/hard\libc_nano.a(lib_a-memset.o)
 .ARM.attributes
                0x0000000000000690       0x34 c:/st/stm32cubeide_1.7.0/stm32cubeide/plugins/com.st.stm32cube.ide.mcu.externaltools.gnu-tools-for-stm32.9-2020-q2-update.win32_2.0.0.202105311346/tools/bin/../lib/gcc/arm-none-eabi/9.3.1/../../../../arm-none-eabi/lib/thumb/v7e-m+fp/hard\libc_nano.a(lib_a-strcpy.o)
 .ARM.attributes
                0x00000000000006c4       0x17 c:/st/stm32cubeide_1.7.0/stm32cubeide/plugins/com.st.stm32cube.ide.mcu.externaltools.gnu-tools-for-stm32.9-2020-q2-update.win32_2.0.0.202105311346/tools/bin/../lib/gcc/arm-none-eabi/9.3.1/../../../../arm-none-eabi/lib/thumb/v7e-m+fp/hard\libc_nano.a(lib_a-strlen.o)
 .ARM.attributes
                0x00000000000006db       0x1e c:/st/stm32cubeide_1.7.0/stm32cubeide/plugins/com.st.stm32cube.ide.mcu.externaltools.gnu-tools-for-stm32.9-2020-q2-update.win32_2.0.0.202105311346/tools/bin/../lib/gcc/arm-none-eabi/9.3.1/thumb/v7e-m+fp/hard/crtn.o
OUTPUT(3DPetController.elf elf32-littlearm)
LOAD linker stubs
LOAD c:/st/stm32cubeide_1.7.0/stm32cubeide/plugins/com.st.stm32cube.ide.mcu.externaltools.gnu-tools-for-stm32.9-2020-q2-update.win32_2.0.0.202105311346/tools/bin/../lib/gcc/arm-none-eabi/9.3.1/../../../../arm-none-eabi/lib/thumb/v7e-m+fp/hard\libc.a
LOAD c:/st/stm32cubeide_1.7.0/stm32cubeide/plugins/com.st.stm32cube.ide.mcu.externaltools.gnu-tools-for-stm32.9-2020-q2-update.win32_2.0.0.202105311346/tools/bin/../lib/gcc/arm-none-eabi/9.3.1/../../../../arm-none-eabi/lib/thumb/v7e-m+fp/hard\libm.a
LOAD c:/st/stm32cubeide_1.7.0/stm32cubeide/plugins/com.st.stm32cube.ide.mcu.externaltools.gnu-tools-for-stm32.9-2020-q2-update.win32_2.0.0.202105311346/tools/bin/../lib/gcc/arm-none-eabi/9.3.1/thumb/v7e-m+fp/hard\libgcc.a

.debug_info     0x0000000000000000    0x25c63
 .debug_info    0x0000000000000000     0x3394 ./Core/Src/main.o
 .debug_info    0x0000000000003394     0x109f ./Core/Src/stm32l4xx_hal_msp.o
 .debug_info    0x0000000000004433      0xe29 ./Core/Src/stm32l4xx_hal_timebase_tim.o
 .debug_info    0x000000000000525c      0xc86 ./Core/Src/stm32l4xx_it.o
 .debug_info    0x0000000000005ee2      0x779 ./Core/Src/system_stm32l4xx.o
 .debug_info    0x000000000000665b       0x22 ./Core/Startup/startup_stm32l476rgtx.o
 .debug_info    0x000000000000667d      0xcb9 ./Drivers/STM32L4xx_HAL_Driver/Src/stm32l4xx_hal.o
 .debug_info    0x0000000000007336     0x102e ./Drivers/STM32L4xx_HAL_Driver/Src/stm32l4xx_hal_cortex.o
 .debug_info    0x0000000000008364      0x973 ./Drivers/STM32L4xx_HAL_Driver/Src/stm32l4xx_hal_dma.o
 .debug_info    0x0000000000008cd7      0xa5f ./Drivers/STM32L4xx_HAL_Driver/Src/stm32l4xx_hal_gpio.o
 .debug_info    0x0000000000009736     0x22fd ./Drivers/STM32L4xx_HAL_Driver/Src/stm32l4xx_hal_i2c.o
 .debug_info    0x000000000000ba33      0xc29 ./Drivers/STM32L4xx_HAL_Driver/Src/stm32l4xx_hal_i2c_ex.o
 .debug_info    0x000000000000c65c      0xbda ./Drivers/STM32L4xx_HAL_Driver/Src/stm32l4xx_hal_pwr_ex.o
 .debug_info    0x000000000000d236      0xe0b ./Drivers/STM32L4xx_HAL_Driver/Src/stm32l4xx_hal_rcc.o
 .debug_info    0x000000000000e041     0x103f ./Drivers/STM32L4xx_HAL_Driver/Src/stm32l4xx_hal_rcc_ex.o
 .debug_info    0x000000000000f080     0x2cb9 ./Drivers/STM32L4xx_HAL_Driver/Src/stm32l4xx_hal_tim.o
 .debug_info    0x0000000000011d39     0x1813 ./Drivers/STM32L4xx_HAL_Driver/Src/stm32l4xx_hal_tim_ex.o
 .debug_info    0x000000000001354c     0x3f00 ./Middlewares/Third_Party/FreeRTOS/Source/CMSIS_RTOS_V2/cmsis_os2.o
 .debug_info    0x000000000001744c      0xb82 ./Middlewares/Third_Party/FreeRTOS/Source/list.o
 .debug_info    0x0000000000017fce     0x23b0 ./Middlewares/Third_Party/FreeRTOS/Source/queue.o
 .debug_info    0x000000000001a37e     0x2ac6 ./Middlewares/Third_Party/FreeRTOS/Source/tasks.o
 .debug_info    0x000000000001ce44     0x1bf5 ./Middlewares/Third_Party/FreeRTOS/Source/timers.o
 .debug_info    0x000000000001ea39      0x4f1 ./Middlewares/Third_Party/FreeRTOS/Source/portable/GCC/ARM_CM4F/port.o
 .debug_info    0x000000000001ef2a      0xd8a ./Middlewares/Third_Party/FreeRTOS/Source/portable/MemMang/heap_4.o
 .debug_info    0x000000000001fcb4      0x91b ./libraries/key/Src/key.o
 .debug_info    0x00000000000205cf     0x24f4 ./libraries/menu/Src/menu.o
 .debug_info    0x0000000000022ac3      0x2d9 ./libraries/ssd1306/Src/fonts.o
 .debug_info    0x0000000000022d9c     0x2ec7 ./libraries/ssd1306/Src/ssd1306.o

.debug_abbrev   0x0000000000000000     0x4a1b
 .debug_abbrev  0x0000000000000000      0x589 ./Core/Src/main.o
 .debug_abbrev  0x0000000000000589      0x1c0 ./Core/Src/stm32l4xx_hal_msp.o
 .debug_abbrev  0x0000000000000749      0x1bf ./Core/Src/stm32l4xx_hal_timebase_tim.o
 .debug_abbrev  0x0000000000000908      0x181 ./Core/Src/stm32l4xx_it.o
 .debug_abbrev  0x0000000000000a89      0x165 ./Core/Src/system_stm32l4xx.o
 .debug_abbrev  0x0000000000000bee       0x12 ./Core/Startup/startup_stm32l476rgtx.o
 .debug_abbrev  0x0000000000000c00      0x227 ./Drivers/STM32L4xx_HAL_Driver/Src/stm32l4xx_hal.o
 .debug_abbrev  0x0000000000000e27      0x33c ./Drivers/STM32L4xx_HAL_Driver/Src/stm32l4xx_hal_cortex.o
 .debug_abbrev  0x0000000000001163      0x201 ./Drivers/STM32L4xx_HAL_Driver/Src/stm32l4xx_hal_dma.o
 .debug_abbrev  0x0000000000001364      0x1e8 ./Drivers/STM32L4xx_HAL_Driver/Src/stm32l4xx_hal_gpio.o
 .debug_abbrev  0x000000000000154c      0x256 ./Drivers/STM32L4xx_HAL_Driver/Src/stm32l4xx_hal_i2c.o
 .debug_abbrev  0x00000000000017a2      0x1dd ./Drivers/STM32L4xx_HAL_Driver/Src/stm32l4xx_hal_i2c_ex.o
 .debug_abbrev  0x000000000000197f      0x1f3 ./Drivers/STM32L4xx_HAL_Driver/Src/stm32l4xx_hal_pwr_ex.o
 .debug_abbrev  0x0000000000001b72      0x275 ./Drivers/STM32L4xx_HAL_Driver/Src/stm32l4xx_hal_rcc.o
 .debug_abbrev  0x0000000000001de7      0x268 ./Drivers/STM32L4xx_HAL_Driver/Src/stm32l4xx_hal_rcc_ex.o
 .debug_abbrev  0x000000000000204f      0x25e ./Drivers/STM32L4xx_HAL_Driver/Src/stm32l4xx_hal_tim.o
 .debug_abbrev  0x00000000000022ad      0x266 ./Drivers/STM32L4xx_HAL_Driver/Src/stm32l4xx_hal_tim_ex.o
 .debug_abbrev  0x0000000000002513      0x4bd ./Middlewares/Third_Party/FreeRTOS/Source/CMSIS_RTOS_V2/cmsis_os2.o
 .debug_abbrev  0x00000000000029d0      0x1f7 ./Middlewares/Third_Party/FreeRTOS/Source/list.o
 .debug_abbrev  0x0000000000002bc7      0x380 ./Middlewares/Third_Party/FreeRTOS/Source/queue.o
 .debug_abbrev  0x0000000000002f47      0x39a ./Middlewares/Third_Party/FreeRTOS/Source/tasks.o
 .debug_abbrev  0x00000000000032e1      0x317 ./Middlewares/Third_Party/FreeRTOS/Source/timers.o
 .debug_abbrev  0x00000000000035f8      0x231 ./Middlewares/Third_Party/FreeRTOS/Source/portable/GCC/ARM_CM4F/port.o
 .debug_abbrev  0x0000000000003829      0x2d3 ./Middlewares/Third_Party/FreeRTOS/Source/portable/MemMang/heap_4.o
 .debug_abbrev  0x0000000000003afc      0x342 ./libraries/key/Src/key.o
 .debug_abbrev  0x0000000000003e3e      0x582 ./libraries/menu/Src/menu.o
 .debug_abbrev  0x00000000000043c0       0xc9 ./libraries/ssd1306/Src/fonts.o
 .debug_abbrev  0x0000000000004489      0x592 ./libraries/ssd1306/Src/ssd1306.o

.debug_aranges  0x0000000000000000     0x1ad0
 .debug_aranges
                0x0000000000000000       0x70 ./Core/Src/main.o
 .debug_aranges
                0x0000000000000070       0x30 ./Core/Src/stm32l4xx_hal_msp.o
 .debug_aranges
                0x00000000000000a0       0x30 ./Core/Src/stm32l4xx_hal_timebase_tim.o
 .debug_aranges
                0x00000000000000d0       0x60 ./Core/Src/stm32l4xx_it.o
 .debug_aranges
                0x0000000000000130       0x28 ./Core/Src/system_stm32l4xx.o
 .debug_aranges
                0x0000000000000158       0x28 ./Core/Startup/startup_stm32l476rgtx.o
 .debug_aranges
                0x0000000000000180      0x130 ./Drivers/STM32L4xx_HAL_Driver/Src/stm32l4xx_hal.o
 .debug_aranges
                0x00000000000002b0      0x118 ./Drivers/STM32L4xx_HAL_Driver/Src/stm32l4xx_hal_cortex.o
 .debug_aranges
                0x00000000000003c8       0x80 ./Drivers/STM32L4xx_HAL_Driver/Src/stm32l4xx_hal_dma.o
 .debug_aranges
                0x0000000000000448       0x58 ./Drivers/STM32L4xx_HAL_Driver/Src/stm32l4xx_hal_gpio.o
 .debug_aranges
                0x00000000000004a0      0x290 ./Drivers/STM32L4xx_HAL_Driver/Src/stm32l4xx_hal_i2c.o
 .debug_aranges
                0x0000000000000730       0x48 ./Drivers/STM32L4xx_HAL_Driver/Src/stm32l4xx_hal_i2c_ex.o
 .debug_aranges
                0x0000000000000778      0x150 ./Drivers/STM32L4xx_HAL_Driver/Src/stm32l4xx_hal_pwr_ex.o
 .debug_aranges
                0x00000000000008c8       0x88 ./Drivers/STM32L4xx_HAL_Driver/Src/stm32l4xx_hal_rcc.o
 .debug_aranges
                0x0000000000000950       0xc0 ./Drivers/STM32L4xx_HAL_Driver/Src/stm32l4xx_hal_rcc_ex.o
 .debug_aranges
                0x0000000000000a10      0x3e0 ./Drivers/STM32L4xx_HAL_Driver/Src/stm32l4xx_hal_tim.o
 .debug_aranges
                0x0000000000000df0      0x180 ./Drivers/STM32L4xx_HAL_Driver/Src/stm32l4xx_hal_tim_ex.o
 .debug_aranges