ssd1306.h:136:3:Rectangle::Rectangle(uint32_t, uint32_t, uint32_t, uint32_t)	24	static
main.cpp:100:5:int main()	8	static
main.cpp:190:6:void SystemClock_Config()	96	static
main.cpp:239:13:void MX_I2C1_Init()	8	static
main.cpp:286:13:void MX_DMA_Init()	16	static
main.cpp:304:13:void MX_GPIO_Init()	40	static
main.cpp:333:6:void StartDefaultTask(void*)	16	static
main.cpp:351:6:void StartDisplay(void*)	256	static
main.cpp:418:6:void StartButtonScan(void*)	360	static
main.cpp:532:6:void HAL_TIM_PeriodElapsedCallback(TIM_HandleTypeDef*)	16	static
main.cpp:549:6:void Error_Handler()	4	static,ignoring_inline_asm
